  BibleAtlas.FSharp.ContractGenerator -> /home/donovan/w/CX-FSHARP-wire/client-fsharp.ContractGenerator/bin/Debug/net10.0/BibleAtlas.FSharp.ContractGenerator.dll
  BibleAtlas.Client.ContractGenerator -> /home/donovan/w/CX-FSHARP-wire/client.ContractGenerator/bin/Debug/net10.0/BibleAtlas.Client.ContractGenerator.dll
  BibleAtlas.FSharp.Core -> /home/donovan/w/CX-FSHARP-wire/client-fsharp/Core/bin/Debug/net10.0/BibleAtlas.FSharp.Core.dll
  BibleAtlas.FSharp.Client -> /home/donovan/w/CX-FSHARP-wire/client-fsharp/bin/Debug/net10.0/BibleAtlas.FSharp.Client.dll
  BibleAtlas.FSharp.Client (Blazor output) -> /home/donovan/w/CX-FSHARP-wire/client-fsharp/bin/Debug/net10.0/wwwroot
  BibleAtlas.FSharp.Tests -> /home/donovan/w/CX-FSHARP-wire/client-fsharp.Tests/bin/Debug/net10.0/BibleAtlas.FSharp.Tests.dll
Test run for /home/donovan/w/CX-FSHARP-wire/client-fsharp.Tests/bin/Debug/net10.0/BibleAtlas.FSharp.Tests.dll (.NETCoreApp,Version=v10.0)
A total of 1 test files matched the specified pattern.
[xUnit.net 00:00:00.00] xUnit.net VSTest Adapter v3.1.4+50e68bbb8b (64-bit .NET 10.0.12)
[xUnit.net 00:00:00.06]   Discovering: BibleAtlas.FSharp.Tests
[xUnit.net 00:00:00.11]   Discovered:  BibleAtlas.FSharp.Tests
[xUnit.net 00:00:00.12]   Starting:    BibleAtlas.FSharp.Tests
[xUnit.net 00:00:00.38]     BibleAtlas.FSharp.Tests.TransportTests.unexpected HTTP statuses retain their evidence and invalid codes have server-error retryability [FAIL]
[xUnit.net 00:00:00.38]       FsCheck.Xunit.PropertyFailedException : 
[xUnit.net 00:00:00.38]       Falsifiable, after 2 tests (1 shrink) (15256288486385274216,7274837741464438601). 
[xUnit.net 00:00:00.38]       Last step was invoked with size of 3 and seed of (7381057014681706714,3874565241339300701).
[xUnit.net 00:00:00.38]       Replay directly at failing step with (7381057014681706714,3874565241339300701,3).
[xUnit.net 00:00:00.38]       Original:
[xUnit.net 00:00:00.38]       (0us, 26uy, BadKind)
[xUnit.net 00:00:00.38]       Shrunk:
[xUnit.net 00:00:00.38]       (0us, 20uy, BadKind)
[xUnit.net 00:00:00.38]       
[xUnit.net 00:00:00.38]       ---- Assert.Equal() Failure: Values differ
[xUnit.net 00:00:00.38]       Expected: Microsoft.FSharp.Core.FSharpResult`2[BibleAtlas.FSharp.Contract.SourcesDocument,BibleAtlas.FSharp.Failure]
[xUnit.net 00:00:00.38]       Actual:   Microsoft.FSharp.Core.FSharpResult`2[BibleAtlas.FSharp.Contract.SourcesDocument,BibleAtlas.FSharp.Failure]
[xUnit.net 00:00:00.38]       Stack Trace:
[xUnit.net 00:00:00.38]         
[xUnit.net 00:00:00.38]         ----- Inner Stack Trace -----
[xUnit.net 00:00:00.38]         /home/donovan/w/CX-FSHARP-wire/client-fsharp.Tests/TransportTests.fs(103,0): at BibleAtlas.FSharp.Tests.TransportTests.unexpected HTTP statuses retain their evidence and invalid codes have server-error retryability(UInt16 offset, Byte family, ErrorCode code)
[xUnit.net 00:00:00.38]            at InvokeStub_TransportTests.unexpected HTTP statuses retain their evidence and invalid codes have server-error retryability(Object, Span`1)
[xUnit.net 00:00:00.38]            at System.Reflection.MethodBaseInvoker.InvokeWithFewArgs(Object obj, BindingFlags invokeAttr, Binder binder, Object[] parameters, CultureInfo culture)
[xUnit.net 00:00:00.38]         --- End of stack trace from previous location ---
[xUnit.net 00:00:00.38]         C:\Users\kurts\Projects\FsCheck\src\FsCheck\Runner.fs(595,0): at FsCheck.Runner.invokeAndThrowInner@592-1.Invoke(Object[] o)
[xUnit.net 00:00:00.38]         /__w/1/s/src/fsharp/src/FSharp.Core/reflect.fs(1230,0): at <StartupCode$FSharp-Core>.$Reflect.Invoke@1230.Invoke(T1 inp)
[xUnit.net 00:00:00.38]            at System.Lazy`1.ViaFactory(LazyThreadSafetyMode mode)
[xUnit.net 00:00:00.38]            at System.Lazy`1.ExecutionAndPublication(LazyHelper executionAndPublication, Boolean useDefaultConstructor)
[xUnit.net 00:00:00.38]            at System.Lazy`1.CreateValue()
[xUnit.net 00:00:00.38]         C:\Users\kurts\Projects\FsCheck\src\FsCheck\Testable.fs(164,0): at FsCheck.Testable.Prop.safeForce[a](Lazy`1 body)
  Passed BibleAtlas.FSharp.Tests.Domain.StatusLaws.server refusal admission preserves exactly the whole 500 through 599 range [61 ms]
  Passed BibleAtlas.FSharp.Tests.Domain.ReadFailureLaws.transient refusals alone are retryable while every terminal category and cancellation stays distinct [69 ms]
  Passed BibleAtlas.FSharp.Tests.Domain.StatusLaws.client refusal admission preserves exactly the whole 400 through 499 range [1 ms]
  Passed BibleAtlas.FSharp.Tests.Domain.StatusLaws.every code in each refusal range is preserved at its distinct door [6 ms]
  Passed BibleAtlas.FSharp.Tests.Domain.StatusLaws.invalid HTTP status admission recognizes exactly the complement of 100 through 599 [1 ms]
  Passed BibleAtlas.FSharp.Tests.TransportTests.a typed HTTP read refuses a record missing its required fields [125 ms]
  Passed BibleAtlas.FSharp.Tests.TransportTests.a typed HTTP read returns the whole element page [28 ms]
  Passed BibleAtlas.FSharp.Tests.TransportTests.the application failure vocabulary exposes structured reads and no raw transport string constructor [2 ms]
  Failed BibleAtlas.FSharp.Tests.TransportTests.unexpected HTTP statuses retain their evidence and invalid codes have server-error retryability [24 ms]
  Error Message:
   FsCheck.Xunit.PropertyFailedException : 
Falsifiable, after 2 tests (1 shrink) (15256288486385274216,7274837741464438601). 
Last step was invoked with size of 3 and seed of (7381057014681706714,3874565241339300701).
Replay directly at failing step with (7381057014681706714,3874565241339300701,3).
Original:
(0us, 26uy, BadKind)
Shrunk:
(0us, 20uy, BadKind)

---- Assert.Equal() Failure: Values differ
Expected: Microsoft.FSharp.Core.FSharpResult`2[BibleAtlas.FSharp.Contract.SourcesDocument,BibleAtlas.FSharp.Failure]
Actual:   Microsoft.FSharp.Core.FSharpResult`2[BibleAtlas.FSharp.Contract.SourcesDocument,BibleAtlas.FSharp.Failure]
  Stack Trace:
  
----- Inner Stack Trace -----
   at BibleAtlas.FSharp.Tests.TransportTests.unexpected HTTP statuses retain their evidence and invalid codes have server-error retryability(UInt16 offset, Byte family, ErrorCode code) in /home/donovan/w/CX-FSHARP-wire/client-fsharp.Tests/TransportTests.fs:line 103
   at InvokeStub_TransportTests.unexpected HTTP statuses retain their evidence and invalid codes have server-error retryability(Object, Span`1)
   at System.Reflection.MethodBaseInvoker.InvokeWithFewArgs(Object obj, BindingFlags invokeAttr, Binder binder, Object[] parameters, CultureInfo culture)
--- End of stack trace from previous location ---
   at FsCheck.Runner.invokeAndThrowInner@592-1.Invoke(Object[] o) in C:\Users\kurts\Projects\FsCheck\src\FsCheck\Runner.fs:line 595
   at <StartupCode$FSharp-Core>.$Reflect.Invoke@1230.Invoke(T1 inp) in /__w/1/s/src/fsharp/src/FSharp.Core/reflect.fs:line 1230
   at System.Lazy`1.ViaFactory(LazyThreadSafetyMode mode)
   at System.Lazy`1.ExecutionAndPublication(LazyHelper executionAndPublication, Boolean useDefaultConstructor)
   at System.Lazy`1.CreateValue()
   at FsCheck.Testable.Prop.safeForce[a](Lazy`1 body) in C:\Users\kurts\Projects\FsCheck\src\FsCheck\Testable.fs:line 164
[xUnit.net 00:00:00.48]   Finished:    BibleAtlas.FSharp.Tests
  Passed BibleAtlas.FSharp.Tests.TransportTests.generated requests compose escaped paths and the contract enum spellings [65 ms]
  Passed BibleAtlas.FSharp.Tests.TransportTests.a user-cancelled HTTP read is distinct from a retryable interruption [10 ms]
  Passed BibleAtlas.FSharp.Tests.TransportTests.every client refusal retains its exact admitted status and published error code [6 ms]
  Passed BibleAtlas.FSharp.Tests.TransportTests.every malformed refusal body preserves its HTTP classification without inventing an error code [7 ms]
  Passed BibleAtlas.FSharp.Tests.TransportTests.an interrupted HTTP request completes with an explicit retryable failure [10 ms]
  Passed BibleAtlas.FSharp.Tests.TransportTests.every server refusal retains its exact admitted status and published error code [4 ms]

Test Run Failed.
Total tests: 15
     Passed: 14
     Failed: 1
 Total time: 0.7780 Seconds
