  BibleAtlas.FSharp.ContractGenerator -> /home/donovan/w/CX-FSHARP-wire/client-fsharp.ContractGenerator/bin/Debug/net10.0/BibleAtlas.FSharp.ContractGenerator.dll
  BibleAtlas.Client.ContractGenerator -> /home/donovan/w/CX-FSHARP-wire/client.ContractGenerator/bin/Debug/net10.0/BibleAtlas.Client.ContractGenerator.dll
  BibleAtlas.FSharp.Core -> /home/donovan/w/CX-FSHARP-wire/client-fsharp/Core/bin/Debug/net10.0/BibleAtlas.FSharp.Core.dll
  BibleAtlas.FSharp.Client -> /home/donovan/w/CX-FSHARP-wire/client-fsharp/bin/Debug/net10.0/BibleAtlas.FSharp.Client.dll
  BibleAtlas.FSharp.Client (Blazor output) -> /home/donovan/w/CX-FSHARP-wire/client-fsharp/bin/Debug/net10.0/wwwroot
  BibleAtlas.FSharp.Tests -> /home/donovan/w/CX-FSHARP-wire/client-fsharp.Tests/bin/Debug/net10.0/BibleAtlas.FSharp.Tests.dll
Test run for /home/donovan/w/CX-FSHARP-wire/client-fsharp.Tests/bin/Debug/net10.0/BibleAtlas.FSharp.Tests.dll (.NETCoreApp,Version=v10.0)
A total of 1 test files matched the specified pattern.
[xUnit.net 00:00:00.00] xUnit.net VSTest Adapter v3.1.4+50e68bbb8b (64-bit .NET 10.0.12)
[xUnit.net 00:00:00.08]   Discovering: BibleAtlas.FSharp.Tests
[xUnit.net 00:00:00.13]   Discovered:  BibleAtlas.FSharp.Tests
[xUnit.net 00:00:00.16]   Starting:    BibleAtlas.FSharp.Tests
  Passed BibleAtlas.FSharp.Tests.Domain.CoordinatesLaws.every nonfinite coordinate is refused including all NaN and infinity witnesses [60 ms]
  Passed BibleAtlas.FSharp.Tests.Domain.PositiveLaws.positive admission accepts exactly positive integers and preserves their value [60 ms]
  Passed BibleAtlas.FSharp.Tests.Domain.ArrayIndexLaws.array index admission accepts exactly nonnegative integers [60 ms]
  Passed BibleAtlas.FSharp.Tests.Domain.NonEmptyLaws.append is associative [70 ms]
  Passed BibleAtlas.FSharp.Tests.Domain.DocumentPositionLaws.document lines are one based and preserve every valid value [60 ms]
  Passed BibleAtlas.FSharp.Tests.ExplorationTests.a resumed journey refuses a final target from a different generated artifact root [117 ms]
  Passed BibleAtlas.FSharp.Tests.AnchoredTextTests.two anchors and a crossing red letter boundary retain every served piece [118 ms]
  Passed BibleAtlas.FSharp.Tests.Domain.DocumentPositionLaws.document byte columns are one based and preserve every valid value [54 ms]
  Passed BibleAtlas.FSharp.Tests.AnchoredTextTests.scalar offsets compose Unicode anchors within one red letter run [25 ms]
  Passed BibleAtlas.FSharp.Tests.Domain.NonEmptyLaws.nonempty admission refuses empty input and preserves every nonempty list [67 ms]
  Passed BibleAtlas.FSharp.Tests.Domain.NonEmptyLaws.singleton has exactly its supplied element [< 1 ms]
  Passed BibleAtlas.FSharp.Tests.Domain.PositiveLaws.positive admission refuses zero and every generated negative integer [68 ms]
  Passed BibleAtlas.FSharp.Tests.Domain.CoordinatesLaws.latitude rejects nonfinite and out of range values as distinct failures [80 ms]
  Passed BibleAtlas.FSharp.Tests.PropertyTests.every compiled FSharp test is a property including inherited or aliased test attributes [11 ms]
  Passed BibleAtlas.FSharp.Tests.Domain.GraphFailureLaws.every graph answer category is terminal and remains unaltered inside the read failure [169 ms]
  Passed BibleAtlas.FSharp.Tests.Domain.NonEmptyLaws.map preserves identity and composition without empty output [18 ms]
  Passed BibleAtlas.FSharp.Tests.Domain.CoordinatesLaws.longitude rejects nonfinite and out of range values as distinct failures [6 ms]
  Passed BibleAtlas.FSharp.Tests.ExplorationTests.an empty resolved journey refuses every generated step list with its missing origin count [60 ms]
  Passed BibleAtlas.FSharp.Tests.Domain.GraphFailureLaws.every graph answer failure carries its complete typed evidence and no message string [9 ms]
  Passed BibleAtlas.FSharp.Tests.Domain.NonEmptyLaws.append preserves both complete operands in order [7 ms]
  Passed BibleAtlas.FSharp.Tests.StateTests.every failed read preserves the entire last value and permits a fresh retry [22 ms]
  Passed BibleAtlas.FSharp.Tests.ModelTests.a completion from a departed surface cannot alter any replacement surface [191 ms]
  Passed BibleAtlas.FSharp.Tests.Domain.JsonFailureLaws.malformed JSON retains its exact zero based line and byte position without prose [21 ms]
  Passed BibleAtlas.FSharp.Tests.Domain.ReadFailureLaws.transient refusals alone are retryable while every terminal category and cancellation stays distinct [20 ms]
  Passed BibleAtlas.FSharp.Tests.TransportTests.a typed HTTP read refuses a record missing its required fields [206 ms]
  Passed BibleAtlas.FSharp.Tests.StateTests.beginning a new request preserves the last complete value through every pending state [15 ms]
  Passed BibleAtlas.FSharp.Tests.Domain.StatusLaws.both refusal doors preserve generated codes and their complete class boundaries [4 ms]
  Passed BibleAtlas.FSharp.Tests.TransportTests.the application failure vocabulary exposes structured reads and no raw failure string constructor [2 ms]
  Passed BibleAtlas.FSharp.Tests.ExplorationTests.Resume preserves a failed whole-journey read without constructing a false trail [46 ms]
  Passed BibleAtlas.FSharp.Tests.StateTests.every obsolete completion leaves the newer pending state unchanged [18 ms]
  Passed BibleAtlas.FSharp.Tests.Domain.StatusLaws.server refusal admission preserves exactly the whole 500 through 599 range [20 ms]
  Passed BibleAtlas.FSharp.Tests.Domain.StatusLaws.client refusal admission preserves exactly the whole 400 through 499 range [3 ms]
  Passed BibleAtlas.FSharp.Tests.StateTests.a completion after leaving a view cannot reopen any old value [6 ms]
  Passed BibleAtlas.FSharp.Tests.Domain.StatusLaws.invalid HTTP status admission recognizes exactly the complement of 100 through 599 [4 ms]
  Passed BibleAtlas.FSharp.Tests.Domain.HttpUrlLaws.malformed and relative URLs are refused rather than repaired [12 ms]
  Passed BibleAtlas.FSharp.Tests.Domain.RootedLaws.every generated foreign root is refused with both identities intact [10 ms]
  Passed BibleAtlas.FSharp.Tests.Domain.HttpUrlLaws.non web schemes are refused before a visit link is admitted [2 ms]
  Passed BibleAtlas.FSharp.Tests.GeneratorTests.schema bindings retain distinct component names even when both FSharp aliases erase to the same collection [149 ms]
  Passed BibleAtlas.FSharp.Tests.Domain.HttpUrlLaws.HTTP and HTTPS admission preserves a complete generated absolute URL [5 ms]
  Passed BibleAtlas.FSharp.Tests.ExplorationTests.Back records the served dual edge and cancels the whole visible breadcrumb [28 ms]
  Passed BibleAtlas.FSharp.Tests.Domain.RootedLaws.rooted mapping preserves identity and composition [15 ms]
  Passed BibleAtlas.FSharp.Tests.TransportTests.a typed HTTP read returns the whole element page [54 ms]
  Passed BibleAtlas.FSharp.Tests.Domain.RootedLaws.root admission accepts exactly the requested data version and preserves the whole value [7 ms]
  Passed BibleAtlas.FSharp.Tests.ExplorationTests.a resumed journey refuses every generated missing target cardinality [24 ms]
  Passed BibleAtlas.FSharp.Tests.AnchoredTextTests.an empty served text renders no invented run [134 ms]
  Passed BibleAtlas.FSharp.Tests.PresentationTests.an edge card preserves its served label and optional provenance title [27 ms]
  Passed BibleAtlas.FSharp.Tests.ExplorationTests.a missing element cannot become a resolved position for any requested identity [6 ms]
  Passed BibleAtlas.FSharp.Tests.ExplorationTests.Back at the beginning preserves the complete trail and does no graph read [2 ms]
  Passed BibleAtlas.FSharp.Tests.Domain.RootedLaws.same root combination is associative and preserves the complete ordered payload [20 ms]
  Passed BibleAtlas.FSharp.Tests.PresentationTests.a map or era card uses the whole served window label [13 ms]
  Passed BibleAtlas.FSharp.Tests.PresentationTests.a node card composes exactly its served label and provenance title [1 ms]
  Passed BibleAtlas.FSharp.Tests.Domain.RootedLaws.mapping preserves both the admitted root and the complete transformed value [8 ms]
  Passed BibleAtlas.FSharp.Tests.PresentationTests.a place card composes its name and date claims without a blurb [2 ms]
  Passed BibleAtlas.FSharp.Tests.PresentationTests.a polity card uses the served reign label without formatting its dates [1 ms]
  Passed BibleAtlas.FSharp.Tests.GeneratorTests.a named identity union has its own representation and a widening from its declared leaf [57 ms]
  Passed BibleAtlas.FSharp.Tests.TransportTests.unexpected HTTP statuses retain their evidence and invalid codes have server-error retryability [43 ms]
  Passed BibleAtlas.FSharp.Tests.ModelTests.a text completion after navigation cannot reopen a departed reading [119 ms]
  Passed BibleAtlas.FSharp.Tests.Domain.RootedLaws.combining values is admitted only on one coherent root [13 ms]
  Passed BibleAtlas.FSharp.Tests.GeneratorTests.a cursor default is exposed only as its own typed first value [17 ms]
  Passed BibleAtlas.FSharp.Tests.PresentationTests.every presentation field has exactly its declared caption [26 ms]
  Passed BibleAtlas.FSharp.Tests.PresentationTests.a TextUnit without its served text is an explicit contract failure [2 ms]
  Passed BibleAtlas.FSharp.Tests.Domain.PageCacheLaws.a missing cache lookup returns no page and the identical cache [16 ms]
  Passed BibleAtlas.FSharp.Tests.GeneratorTests.schema bindings refuse a document with no schema components [9 ms]
  Passed BibleAtlas.FSharp.Tests.PresentationTests.a TextUnit presentation preserves its entire served text record and provenance title [5 ms]
  Passed BibleAtlas.FSharp.Tests.GraphTests.a nonterminal empty page cannot keep a resolution reading forever [21 ms]
  Passed BibleAtlas.FSharp.Tests.GeneratorTests.an unsupported wire shape is refused rather than replaced with an untyped value [14 ms]
  Passed BibleAtlas.FSharp.Tests.ModelTests.Concord opens its bounded reading from the served corpus beginning [38 ms]
  Passed BibleAtlas.FSharp.Tests.GraphTests.an incomplete element answer cannot shift the remaining journey [18 ms]
  Passed BibleAtlas.FSharp.Tests.GeneratorTests.schema bindings emit every component once in source order regardless of its wire shape [13 ms]
  Passed BibleAtlas.FSharp.Tests.GraphTests.a continuation after all requested elements preserves its exact cursor and sends no further read [25 ms]
  Passed BibleAtlas.FSharp.Tests.GeneratorTests.a schema generates immutable fields with their exact wire names and optionality [35 ms]
  Passed BibleAtlas.FSharp.Tests.GraphTests.a changed served kind cannot replace the same requested node identity [14 ms]
  Passed BibleAtlas.FSharp.Tests.Domain.JsonFailureLaws.a nested converter failure retains its reported fragment location without inventing a field path [207 ms]
  Passed BibleAtlas.FSharp.Tests.Domain.JsonFailureLaws.a wrong JSON primitive retains the whole serializer location [7 ms]
  Passed BibleAtlas.FSharp.Tests.Domain.JsonFailureLaws.JSON null cannot become a successful contract answer of any current answer shape [5 ms]
  Passed BibleAtlas.FSharp.Tests.GraphTests.extra answered elements retain the whole requested and received cardinalities [24 ms]
  Passed BibleAtlas.FSharp.Tests.Domain.JsonFailureLaws.a missing required field retains the serializer location instead of interpreting its message [14 ms]
  Passed BibleAtlas.FSharp.Tests.Domain.JsonFailureLaws.readable generated records retain their complete value through the shared JSON door [1 ms]
  Passed BibleAtlas.FSharp.Tests.Domain.JsonFailureLaws.wire failures expose only syntax null and unreadable answer observations and no invented semantic categories [2 ms]
  Passed BibleAtlas.FSharp.Tests.Domain.JsonFailureLaws.primitive refusal positions retain the original whitespace envelope rather than a reparsed fragment [6 ms]
  Passed BibleAtlas.FSharp.Tests.GraphTests.an ordered resolution reads the whole element page once [23 ms]
  Passed BibleAtlas.FSharp.Tests.ExploreLaws.constructing an exploration defers its whole computation until execution [16 ms]
  Passed BibleAtlas.FSharp.Tests.Domain.PageCacheLaws.replacing a key installs its new page once and makes it most recent [22 ms]
  Passed BibleAtlas.FSharp.Tests.TransportTests.generated requests compose escaped paths and the contract enum spellings [162 ms]
  Passed BibleAtlas.FSharp.Tests.TransportTests.a user-cancelled HTTP read is distinct from a retryable interruption [5 ms]
  Passed BibleAtlas.FSharp.Tests.GeneratorTests.every schema in the current published contract generates without an untyped fallback [77 ms]
  Passed BibleAtlas.FSharp.Tests.ExploreLaws.exploration left identity preserves the complete result and trail for every continuation [24 ms]
  Passed BibleAtlas.FSharp.Tests.GraphTests.a root change between pages refuses the mixed journey [37 ms]
  Passed BibleAtlas.FSharp.Tests.GeneratorTests.closed vocabulary spells each case from its wire enum [16 ms]
  Passed BibleAtlas.FSharp.Tests.TransportTests.every client refusal retains its exact admitted status and published error code [19 ms]
  Passed BibleAtlas.FSharp.Tests.GraphTests.a missing element cannot become a resolved position [12 ms]
  Passed BibleAtlas.FSharp.Tests.GeneratorTests.named scalar schemas generate distinct immutable identities [19 ms]
  Passed BibleAtlas.FSharp.Tests.ExploreLaws.exploration associativity preserves failures and the entire trail [29 ms]
  Passed BibleAtlas.FSharp.Tests.TransportTests.every malformed refusal body preserves its HTTP classification without inventing an error code [19 ms]
  Passed BibleAtlas.FSharp.Tests.ExploreLaws.exploration right identity preserves a successful or failed stateful walk [6 ms]
  Passed BibleAtlas.FSharp.Tests.Domain.PageCacheLaws.rebasing refuses an old root completion and retains the empty new root cache [9 ms]
  Passed BibleAtlas.FSharp.Tests.ExploreLaws.following across a root change renews every retained identity on the new root [10 ms]
  Passed BibleAtlas.FSharp.Tests.TransportTests.an interrupted HTTP request completes with an explicit retryable failure [16 ms]
  Passed BibleAtlas.FSharp.Tests.GraphTests.a paged resolution retains the requested order across a single artifact [36 ms]
  Passed BibleAtlas.FSharp.Tests.Domain.PageCacheLaws.structured query and cursor keys retain independent complete pages [20 ms]
  Passed BibleAtlas.FSharp.Tests.GraphTests.an empty resolution does no transport work [6 ms]
  Passed BibleAtlas.FSharp.Tests.RuntimeTests.the opening command resolves its typed position and delivers the whole trail [545 ms]
  Passed BibleAtlas.FSharp.Tests.TransportTests.every server refusal retains its exact admitted status and published error code [14 ms]
  Passed BibleAtlas.FSharp.Tests.Domain.PageCacheLaws.put preserves a complete admitted page under its exact key [3 ms]
  Passed BibleAtlas.FSharp.Tests.Domain.PageCacheLaws.rebasing is identity at the same root and clears pages at another root [8 ms]
  Passed BibleAtlas.FSharp.Tests.GraphTests.a different answered identity cannot silently replace the requested position [13 ms]
  Passed BibleAtlas.FSharp.Tests.ModelTests.unknown routes book codes and invalid chapter input are refused [206 ms]
  Passed BibleAtlas.FSharp.Tests.Domain.PageCacheLaws.a foreign page is refused without changing the previous cache [3 ms]
  Passed BibleAtlas.FSharp.Tests.RuntimeTests.the Back command interprets the algebra without a transport read [17 ms]
  Passed BibleAtlas.FSharp.Tests.Domain.PageCacheLaws.a new cache retains its root and page budget with no entries [5 ms]
  Passed BibleAtlas.FSharp.Tests.ExploreLaws.the trail retains only its most recent budgeted steps and the source of that suffix [46 ms]
  Passed BibleAtlas.FSharp.Tests.ModelTests.Concord Next and failed-page retry preserve exactly the served continuation request [35 ms]
  Passed BibleAtlas.FSharp.Tests.ContractTests.text references retain every field of either closed corpus case [594 ms]
  Passed BibleAtlas.FSharp.Tests.ContractTests.missing elements preserve the whole generated requested identity [8 ms]
  Passed BibleAtlas.FSharp.Tests.ModelTests.a failed opening retains exactly the position needed by Retry [19 ms]
  Passed BibleAtlas.FSharp.Tests.ModelTests.reading page constructors are private to the surface transition boundary [5 ms]
  Passed BibleAtlas.FSharp.Tests.ModelTests.a superseded focus completion cannot replace a later traversal [6 ms]
  Passed BibleAtlas.FSharp.Tests.ModelTests.reader startup uses the complete served contents to open its selected chapter [9 ms]
  Passed BibleAtlas.FSharp.Tests.ModelTests.every noncurrent surface completion preserves every page state and its focus [65 ms]
  Passed BibleAtlas.FSharp.Tests.Domain.PageCacheLaws.ten thousand distinct puts retain exactly the latest page budget and no prefix history [153 ms]
  Passed BibleAtlas.FSharp.Tests.Domain.PageCacheLaws.a hit returns the whole page and refreshes recency before eviction [9 ms]
  Passed BibleAtlas.FSharp.Tests.ContractTests.a Concord text window preserves its complete generated unit when the optional heading is null [155 ms]
  Passed BibleAtlas.FSharp.Tests.ModelTests.a failed contents read retries only contents with a new identity [61 ms]
  Passed BibleAtlas.FSharp.Tests.ModelTests.source retry advances only its failed operation and keeps its entire last value [4 ms]
  Passed BibleAtlas.FSharp.Tests.Domain.DeclarationLaws.duplicate declaration detection permits companions in one home and refuses names in two homes [767 ms]
  Passed BibleAtlas.FSharp.Tests.ModelTests.contents from the other corpus preserve the mismatch and perform no text read [13 ms]
  Passed BibleAtlas.FSharp.Tests.ModelTests.following preserves the current trail while its replacement is in flight [20 ms]
  Passed BibleAtlas.FSharp.Tests.ModelTests.a current source completion installs the whole served answer without starting another read [3 ms]
  Passed BibleAtlas.FSharp.Tests.ModelTests.closing focus refuses a late successful opening [14 ms]
  Passed BibleAtlas.FSharp.Tests.ModelTests.reader and Concord routes roundtrip their generated vocabulary and escaped payloads [13 ms]
  Passed BibleAtlas.FSharp.Tests.SourceOrderTests.the order gate finds a fixture used through a served record field [668 ms]
  Passed BibleAtlas.FSharp.Tests.ModelTests.every message belonging to another surface preserves every page state [40 ms]
  Passed BibleAtlas.FSharp.Tests.ModelTests.opening a focus has a new identity and resolves only its requested position [9 ms]
  Passed BibleAtlas.FSharp.Tests.SourceOrderTests.the order gate refuses a helper above its caller and accepts descending intent [60 ms]
  Passed BibleAtlas.FSharp.Tests.Domain.DeclarationLaws.every client concept has one declaration home [216 ms]
  Passed BibleAtlas.FSharp.Tests.SourceOrderTests.the order gate checks type member helpers below their first member caller [118 ms]
  Passed BibleAtlas.FSharp.Tests.SourceOrderTests.the order gate preserves private helper checking inside nested modules [112 ms]
  Passed BibleAtlas.FSharp.Tests.SourceOrderTests.the order gate permits local inputs before computations that consume them [46 ms]
  Passed BibleAtlas.FSharp.Tests.SourceOrderTests.the order gate distinguishes a shadowing parameter from the outer helper [57 ms]
  Passed BibleAtlas.FSharp.Tests.ExplorationTests.every generated edge kind has an involutive dual from the published vocabulary [994 ms]
  Passed BibleAtlas.FSharp.Tests.ExplorationTests.the exploration expression composes nested reads with the complete generated trail [12 ms]
  Passed BibleAtlas.FSharp.Tests.SourceOrderTests.the order gate checks helpers reached through a qualified module reference [102 ms]
  Passed BibleAtlas.FSharp.Tests.ExplorationTests.Resume resolves every saved identity once and retains the bounded whole journey with its kinds [55 ms]
  Passed BibleAtlas.FSharp.Tests.ExplorationTests.following refuses any generated non-singleton answer with both cardinalities [96 ms]
  Passed BibleAtlas.FSharp.Tests.SourceOrderTests.the order gate checks every exported helper regardless of its visibility [99 ms]
  Passed BibleAtlas.FSharp.Tests.ExplorationTests.a node record cannot be stamped with a different generated page root [1 ms]
  Passed BibleAtlas.FSharp.Tests.ExplorationTests.a failed exploration stops the continuation and makes exactly its requested read [8 ms]
  Passed BibleAtlas.FSharp.Tests.ViewTests.an explicit failure offers Retry and dispatches its message [1 s]
  Passed BibleAtlas.FSharp.Tests.SourceOrderTests.the order gate permits module data before an operation that reads it [27 ms]
  Passed BibleAtlas.FSharp.Tests.SourceOrderTests.the order gate finds module helpers called inside nested and destructured bindings [101 ms]
  Passed BibleAtlas.FSharp.Tests.SourceOrderTests.the order gate distinguishes a shadowing lambda argument from the outer helper [89 ms]
  Passed BibleAtlas.FSharp.Tests.SourceOrderTests.the order gate checks local helper chains within their binding scope [129 ms]
  Passed BibleAtlas.FSharp.Tests.ModelTests.future sized Concord turns retain exactly the final page and current request [921 ms]
  Passed BibleAtlas.FSharp.Tests.ViewTests.Escape dispatches CloseFocus for every generated current node [380 ms]
  Passed BibleAtlas.FSharp.Tests.ModelTests.retry with no failed operation preserves every surface and pending request [79 ms]
  Passed BibleAtlas.FSharp.Tests.ModelTests.navigating to the current route preserves its pending request instead of sending it twice [46 ms]
  Passed BibleAtlas.FSharp.Tests.ModelTests.a text answer from another corpus is refused before entering either reading surface [8 ms]
  Passed BibleAtlas.FSharp.Tests.ModelTests.a missing chapter is unavailable without a manufactured request identity or retry [2 ms]
  Passed BibleAtlas.FSharp.Tests.ViewTests.Back in the popover dispatches the exploration operation [242 ms]
  Passed BibleAtlas.FSharp.Tests.ViewTests.the served Concord continuation exposes Next through an Elmish message [404 ms]
  Passed BibleAtlas.FSharp.Tests.ViewTests.unrelated typing over a reader anchor does not open a focus [491 ms]
  Passed BibleAtlas.FSharp.Tests.ViewTests.the shared header retains primary navigation translation and credits [340 ms]
  Passed BibleAtlas.FSharp.Tests.ViewTests.a terminal Concord page offers no invented continuation [280 ms]
  Passed BibleAtlas.FSharp.Tests.ViewTests.an invalid text presentation retries by renewing the exploration [387 ms]
  Passed BibleAtlas.FSharp.Tests.ViewTests.the reader shows a failed contents read with an explicit Retry [391 ms]
  Passed BibleAtlas.FSharp.Tests.ViewTests.the reader renders an event heading without an invented continuation [425 ms]
  Passed BibleAtlas.FSharp.Tests.ViewTests.the reader retains a continued quiet heading and its served target [352 ms]
  Passed BibleAtlas.FSharp.Tests.ViewTests.the Concord view renders the entire served paragraph and citation [383 ms]
  Passed BibleAtlas.FSharp.Tests.ViewTests.a served reader anchor opens its typed position from the keyboard [419 ms]
  Passed BibleAtlas.FSharp.Tests.ViewTests.a failed focus retries its own request rather than the underlying page [380 ms]
  Passed BibleAtlas.FSharp.Tests.SourceOrderTests.helper functions members and shared test fixtures follow their first caller in every FSharp source [4 s]
  Passed BibleAtlas.FSharp.Tests.ViewTests.closing a visible focus dispatches CloseFocus [352 ms]
  Passed BibleAtlas.FSharp.Tests.ViewTests.the reader renders the whole served chapter with anchored red letter text [463 ms]
  Passed BibleAtlas.FSharp.Tests.ViewTests.a text presentation follows its served anchor within the current exploration [485 ms]
  Passed BibleAtlas.FSharp.Tests.ViewTests.activating a served reader row dispatches exactly its typed position [429 ms]
  Passed BibleAtlas.FSharp.Tests.ViewTests.the source view composes the complete served source under its category [651 ms]
  Passed BibleAtlas.FSharp.Tests.ViewTests.the Concord view keeps a paragraph with no served edges as plain text [473 ms]
  Passed BibleAtlas.FSharp.Tests.ContractShapeTests.every generated optional field accepts null as exactly None [9 s]
  Passed BibleAtlas.FSharp.Tests.ViewTests.the WebAssembly entry component runs the sources command and renders its response [803 ms]
  Passed BibleAtlas.FSharp.Tests.ContractTests.both committed contents documents retain every served field under generated artifact roots [9 s]
  Passed BibleAtlas.FSharp.Tests.ContractTests.the committed text fixture retains its complete served payload under generated artifact roots [68 ms]
  Passed BibleAtlas.FSharp.Tests.ContractTests.unknown corpus discriminators and book vocabulary values stay contract failures [11 ms]
  Passed BibleAtlas.FSharp.Tests.ContractTests.a null contract record stays refused through every generated JSON whitespace envelope [23 ms]
  Passed BibleAtlas.FSharp.Tests.ViewTests.an opened focus renders its entire card presentation [525 ms]
  Passed BibleAtlas.FSharp.Tests.ContractIdentityLaws.every generated identity displays its exact primitive without exposing its constructor [19 s]
  Passed BibleAtlas.FSharp.Tests.ContractShapeTests.every generated required field rejects omission and null at the one JSON door [11 s]
  Passed BibleAtlas.FSharp.Tests.ContractShapeTests.every published scalar identity has its own private constructor and preserves its wire value [446 ms]
  Passed BibleAtlas.FSharp.Tests.Domain.AdmissionSurfaceLaws.every private representation refuses direct construction while its own public door compiles [22 s]
  Passed BibleAtlas.FSharp.Tests.ContractIdentityLaws.every generated widening preserves the whole serialized identity for each accepted member [6 s]
  Passed BibleAtlas.FSharp.Tests.ContractIdentityLaws.every published identity has its own private FSharp representation and exactly the declared widenings [51 ms]
  Passed BibleAtlas.FSharp.Tests.ContractIdentityLaws.every identity round trips its entire primitive and refuses a mismatched primitive [1 s]
[xUnit.net 00:00:31.18]   Finished:    BibleAtlas.FSharp.Tests
  Passed BibleAtlas.FSharp.Tests.ContractIdentityLaws.every generated identity refuses an external constructor and incompatible identities fail compilation [2 s]
  Passed BibleAtlas.FSharp.Tests.ContractIdentityLaws.each published cursor default serializes as the exact first page for that cursor [37 ms]

Test Run Successful.
Total tests: 193
     Passed: 193
 Total time: 31.5541 Seconds
