  BibleAtlas.FSharp.ContractGenerator -> /home/donovan/w/CX-FSHARP-wire/client-fsharp.ContractGenerator/bin/Debug/net10.0/BibleAtlas.FSharp.ContractGenerator.dll
  BibleAtlas.Client.ContractGenerator -> /home/donovan/w/CX-FSHARP-wire/client.ContractGenerator/bin/Debug/net10.0/BibleAtlas.Client.ContractGenerator.dll
  BibleAtlas.FSharp.Core -> /home/donovan/w/CX-FSHARP-wire/client-fsharp/Core/bin/Debug/net10.0/BibleAtlas.FSharp.Core.dll
  BibleAtlas.FSharp.Client -> /home/donovan/w/CX-FSHARP-wire/client-fsharp/bin/Debug/net10.0/BibleAtlas.FSharp.Client.dll
  BibleAtlas.FSharp.Client (Blazor output) -> /home/donovan/w/CX-FSHARP-wire/client-fsharp/bin/Debug/net10.0/wwwroot
  BibleAtlas.FSharp.Tests -> /home/donovan/w/CX-FSHARP-wire/client-fsharp.Tests/bin/Debug/net10.0/BibleAtlas.FSharp.Tests.dll
Test run for /home/donovan/w/CX-FSHARP-wire/client-fsharp.Tests/bin/Debug/net10.0/BibleAtlas.FSharp.Tests.dll (.NETCoreApp,Version=v10.0)
A total of 1 test files matched the specified pattern.
[xUnit.net 00:00:00.00] xUnit.net VSTest Adapter v3.1.4+50e68bbb8b (64-bit .NET 10.0.12)
[xUnit.net 00:00:00.06]   Discovering: BibleAtlas.FSharp.Tests
[xUnit.net 00:00:00.11]   Discovered:  BibleAtlas.FSharp.Tests
[xUnit.net 00:00:00.14]   Starting:    BibleAtlas.FSharp.Tests
  Passed BibleAtlas.FSharp.Tests.ContractTests.text references retain every field of either closed corpus case [318 ms]
  Passed BibleAtlas.FSharp.Tests.ContractTests.missing elements preserve the whole generated requested identity [11 ms]
  Passed BibleAtlas.FSharp.Tests.SourceOrderTests.the order gate finds a fixture used through a served record field [345 ms]
  Passed BibleAtlas.FSharp.Tests.SourceOrderTests.the order gate refuses a helper above its caller and accepts descending intent [50 ms]
  Passed BibleAtlas.FSharp.Tests.ContractTests.a Concord text window preserves its complete generated unit when the optional heading is null [96 ms]
  Passed BibleAtlas.FSharp.Tests.SourceOrderTests.the order gate checks type member helpers below their first member caller [102 ms]
  Passed BibleAtlas.FSharp.Tests.SourceOrderTests.the order gate preserves private helper checking inside nested modules [66 ms]
  Passed BibleAtlas.FSharp.Tests.SourceOrderTests.the order gate permits local inputs before computations that consume them [40 ms]
  Passed BibleAtlas.FSharp.Tests.SourceOrderTests.the order gate distinguishes a shadowing parameter from the outer helper [31 ms]
  Passed BibleAtlas.FSharp.Tests.SourceOrderTests.the order gate checks helpers reached through a qualified module reference [71 ms]
  Passed BibleAtlas.FSharp.Tests.SourceOrderTests.the order gate checks every exported helper regardless of its visibility [46 ms]
  Passed BibleAtlas.FSharp.Tests.SourceOrderTests.the order gate permits module data before an operation that reads it [17 ms]
  Passed BibleAtlas.FSharp.Tests.SourceOrderTests.the order gate finds module helpers called inside nested and destructured bindings [54 ms]
  Passed BibleAtlas.FSharp.Tests.SourceOrderTests.the order gate distinguishes a shadowing lambda argument from the outer helper [34 ms]
  Passed BibleAtlas.FSharp.Tests.SourceOrderTests.the order gate checks local helper chains within their binding scope [54 ms]
  Passed BibleAtlas.FSharp.Tests.SourceOrderTests.helper functions members and shared test fixtures follow their first caller in every FSharp source [2 s]
  Passed BibleAtlas.FSharp.Tests.ContractShapeTests.every generated optional field accepts null as exactly None [4 s]
  Passed BibleAtlas.FSharp.Tests.ContractTests.both committed contents documents retain every served field under generated artifact roots [4 s]
  Passed BibleAtlas.FSharp.Tests.ContractTests.the committed text fixture retains its complete served payload under generated artifact roots [18 ms]
  Passed BibleAtlas.FSharp.Tests.ContractTests.unknown corpus discriminators and book vocabulary values stay contract failures [6 ms]
  Passed BibleAtlas.FSharp.Tests.ContractTests.a null contract record stays refused through every generated JSON whitespace envelope [13 ms]
  Passed BibleAtlas.FSharp.Tests.ContractShapeTests.every generated required field rejects omission and null at the one JSON door [3 s]
[xUnit.net 00:00:08.55]   Finished:    BibleAtlas.FSharp.Tests
  Passed BibleAtlas.FSharp.Tests.ContractShapeTests.every published scalar identity has its own private constructor and preserves its wire value [148 ms]

Test Run Successful.
Total tests: 23
     Passed: 23
 Total time: 8.8750 Seconds
