  BibleAtlas.Client.ContractGenerator -> /home/donovan/w/CX-FSHARP-wire/client.ContractGenerator/bin/Debug/net10.0/BibleAtlas.Client.ContractGenerator.dll
  BibleAtlas.FSharp.ContractGenerator -> /home/donovan/w/CX-FSHARP-wire/client-fsharp.ContractGenerator/bin/Debug/net10.0/BibleAtlas.FSharp.ContractGenerator.dll
  BibleAtlas.FSharp.Core -> /home/donovan/w/CX-FSHARP-wire/client-fsharp/Core/bin/Debug/net10.0/BibleAtlas.FSharp.Core.dll
  BibleAtlas.FSharp.Client -> /home/donovan/w/CX-FSHARP-wire/client-fsharp/bin/Debug/net10.0/BibleAtlas.FSharp.Client.dll
  BibleAtlas.FSharp.Client (Blazor output) -> /home/donovan/w/CX-FSHARP-wire/client-fsharp/bin/Debug/net10.0/wwwroot
  BibleAtlas.FSharp.Tests -> /home/donovan/w/CX-FSHARP-wire/client-fsharp.Tests/bin/Debug/net10.0/BibleAtlas.FSharp.Tests.dll
Test run for /home/donovan/w/CX-FSHARP-wire/client-fsharp.Tests/bin/Debug/net10.0/BibleAtlas.FSharp.Tests.dll (.NETCoreApp,Version=v10.0)
A total of 1 test files matched the specified pattern.
[xUnit.net 00:00:00.00] xUnit.net VSTest Adapter v3.1.4+50e68bbb8b (64-bit .NET 10.0.12)
[xUnit.net 00:00:00.08]   Discovering: BibleAtlas.FSharp.Tests
[xUnit.net 00:00:00.14]   Discovered:  BibleAtlas.FSharp.Tests
[xUnit.net 00:00:00.16]   Starting:    BibleAtlas.FSharp.Tests
  Passed BibleAtlas.FSharp.Tests.ExplorationTests.a resumed journey refuses a final target from a different generated artifact root [87 ms]
  Passed BibleAtlas.FSharp.Tests.ExploreLaws.constructing an exploration defers its whole computation until execution [87 ms]
  Passed BibleAtlas.FSharp.Tests.ExploreLaws.exploration left identity preserves the complete result and trail for every continuation [16 ms]
  Passed BibleAtlas.FSharp.Tests.ExplorationTests.Resume preserves a failed whole-journey read without constructing a false trail [29 ms]
  Passed BibleAtlas.FSharp.Tests.ExploreLaws.exploration associativity preserves failures and the entire trail [12 ms]
  Passed BibleAtlas.FSharp.Tests.ExploreLaws.exploration right identity preserves a successful or failed stateful walk [4 ms]
  Passed BibleAtlas.FSharp.Tests.ExplorationTests.Back records the served dual edge and cancels the whole visible breadcrumb [6 ms]
  Passed BibleAtlas.FSharp.Tests.ExploreLaws.following across a root change renews every retained identity on the new root [3 ms]
  Passed BibleAtlas.FSharp.Tests.ExplorationTests.a resumed journey refuses every generated missing target cardinality [8 ms]
  Passed BibleAtlas.FSharp.Tests.ExplorationTests.a missing element cannot become a resolved position for any requested identity [3 ms]
  Passed BibleAtlas.FSharp.Tests.ExplorationTests.Back at the beginning preserves the complete trail and does no graph read [3 ms]
  Passed BibleAtlas.FSharp.Tests.ExploreLaws.the trail retains only its most recent budgeted steps and the source of that suffix [26 ms]
  Passed BibleAtlas.FSharp.Tests.SourceOrderTests.the order gate finds a fixture used through a served record field [380 ms]
  Passed BibleAtlas.FSharp.Tests.SourceOrderTests.the order gate refuses a helper above its caller and accepts descending intent [41 ms]
  Passed BibleAtlas.FSharp.Tests.SourceOrderTests.the order gate checks type member helpers below their first member caller [61 ms]
  Passed BibleAtlas.FSharp.Tests.SourceOrderTests.the order gate preserves private helper checking inside nested modules [36 ms]
  Passed BibleAtlas.FSharp.Tests.SourceOrderTests.the order gate permits local inputs before computations that consume them [19 ms]
  Passed BibleAtlas.FSharp.Tests.SourceOrderTests.the order gate distinguishes a shadowing parameter from the outer helper [16 ms]
  Passed BibleAtlas.FSharp.Tests.ExplorationTests.every generated edge kind has an involutive dual from the published vocabulary [436 ms]
  Passed BibleAtlas.FSharp.Tests.SourceOrderTests.the order gate checks helpers reached through a qualified module reference [36 ms]
  Passed BibleAtlas.FSharp.Tests.ExplorationTests.the exploration expression composes nested reads with the complete generated trail [5 ms]
  Passed BibleAtlas.FSharp.Tests.ExplorationTests.Resume resolves every saved identity once and retains the bounded whole journey with its kinds [14 ms]
  Passed BibleAtlas.FSharp.Tests.ExplorationTests.a node record cannot be stamped with a different generated page root [1 ms]
[xUnit.net 00:00:01.67]   Finished:    BibleAtlas.FSharp.Tests
  Passed BibleAtlas.FSharp.Tests.ExplorationTests.a failed exploration stops the continuation and makes exactly its requested read [6 ms]
  Passed BibleAtlas.FSharp.Tests.SourceOrderTests.the order gate checks every exported helper regardless of its visibility [36 ms]
  Passed BibleAtlas.FSharp.Tests.SourceOrderTests.the order gate permits module data before an operation that reads it [13 ms]
  Passed BibleAtlas.FSharp.Tests.SourceOrderTests.the order gate finds module helpers called inside nested and destructured bindings [42 ms]
  Passed BibleAtlas.FSharp.Tests.SourceOrderTests.the order gate distinguishes a shadowing lambda argument from the outer helper [26 ms]
  Passed BibleAtlas.FSharp.Tests.SourceOrderTests.the order gate checks local helper chains within their binding scope [40 ms]
  Passed BibleAtlas.FSharp.Tests.SourceOrderTests.helper functions members and shared test fixtures follow their first caller in every FSharp source [696 ms]

Test Run Successful.
Total tests: 30
     Passed: 30
 Total time: 2.0037 Seconds
