  BibleAtlas.FSharp.ContractGenerator -> /home/donovan/w/CX-FSHARP-wire/client-fsharp.ContractGenerator/bin/Debug/net10.0/BibleAtlas.FSharp.ContractGenerator.dll
  BibleAtlas.FSharp.Core -> /home/donovan/w/CX-FSHARP-wire/client-fsharp/Core/bin/Debug/net10.0/BibleAtlas.FSharp.Core.dll
  BibleAtlas.Client.ContractGenerator -> /home/donovan/w/CX-FSHARP-wire/client.ContractGenerator/bin/Debug/net10.0/BibleAtlas.Client.ContractGenerator.dll
  BibleAtlas.FSharp.Client -> /home/donovan/w/CX-FSHARP-wire/client-fsharp/bin/Debug/net10.0/BibleAtlas.FSharp.Client.dll
  BibleAtlas.FSharp.Client (Blazor output) -> /home/donovan/w/CX-FSHARP-wire/client-fsharp/bin/Debug/net10.0/wwwroot
  BibleAtlas.FSharp.Tests -> /home/donovan/w/CX-FSHARP-wire/client-fsharp.Tests/bin/Debug/net10.0/BibleAtlas.FSharp.Tests.dll
Test run for /home/donovan/w/CX-FSHARP-wire/client-fsharp.Tests/bin/Debug/net10.0/BibleAtlas.FSharp.Tests.dll (.NETCoreApp,Version=v10.0)
A total of 1 test files matched the specified pattern.
[xUnit.net 00:00:00.00] xUnit.net VSTest Adapter v3.1.4+50e68bbb8b (64-bit .NET 10.0.12)
[xUnit.net 00:00:00.09]   Discovering: BibleAtlas.FSharp.Tests
[xUnit.net 00:00:00.14]   Discovered:  BibleAtlas.FSharp.Tests
[xUnit.net 00:00:00.16]   Starting:    BibleAtlas.FSharp.Tests
  Passed BibleAtlas.FSharp.Tests.SourceOrderTests.the order gate finds a fixture used through a served record field [331 ms]
  Passed BibleAtlas.FSharp.Tests.SourceOrderTests.the order gate refuses a helper above its caller and accepts descending intent [38 ms]
  Passed BibleAtlas.FSharp.Tests.SourceOrderTests.the order gate checks type member helpers below their first member caller [58 ms]
  Passed BibleAtlas.FSharp.Tests.SourceOrderTests.the order gate preserves private helper checking inside nested modules [45 ms]
  Passed BibleAtlas.FSharp.Tests.SourceOrderTests.the order gate permits local inputs before computations that consume them [24 ms]
  Passed BibleAtlas.FSharp.Tests.SourceOrderTests.the order gate distinguishes a shadowing parameter from the outer helper [20 ms]
  Passed BibleAtlas.FSharp.Tests.SourceOrderTests.the order gate checks helpers reached through a qualified module reference [37 ms]
  Passed BibleAtlas.FSharp.Tests.SourceOrderTests.the order gate checks every exported helper regardless of its visibility [54 ms]
  Passed BibleAtlas.FSharp.Tests.SourceOrderTests.the order gate permits module data before an operation that reads it [19 ms]
[xUnit.net 00:00:01.84]     BibleAtlas.FSharp.Tests.SourceOrderTests.helper functions members and shared test fixtures follow their first caller in every FSharp source [FAIL]
[xUnit.net 00:00:01.84]       FsCheck.Xunit.PropertyFailedException :
[xUnit.net 00:00:01.84]       Falsifiable, after 1 test (0 shrinks) (7769746523489586258,8203947076024817071).
[xUnit.net 00:00:01.84]       Last step was invoked with size of 100 and seed of (14861040524884206971,8622409587196050461):
[xUnit.net 00:00:01.84]       Original:
[xUnit.net 00:00:01.84]       <null>
[xUnit.net 00:00:01.84]
[xUnit.net 00:00:01.84]       ---- /home/donovan/w/CX-FSHARP-wire/client-fsharp.Tests/SchemaSpike/Binding/BindingLaws.fs: nested appears before answers
[xUnit.net 00:00:01.84]       Stack Trace:
[xUnit.net 00:00:01.84]
[xUnit.net 00:00:01.84]         ----- Inner Stack Trace -----
[xUnit.net 00:00:01.84]         /home/donovan/w/CX-FSHARP-wire/client-fsharp.Tests/SourceOrderTests.fs(22,0): at BibleAtlas.FSharp.Tests.SourceOrderTests.helper functions members and shared test fixtures follow their first caller in every FSharp source()
[xUnit.net 00:00:01.84]            at System.Reflection.MethodBaseInvoker.InterpretedInvoke_Method(Object obj, IntPtr* args)
[xUnit.net 00:00:01.84]            at System.Reflection.MethodBaseInvoker.InvokeWithNoArgs(Object obj, BindingFlags invokeAttr)
[xUnit.net 00:00:01.84]         --- End of stack trace from previous location ---
[xUnit.net 00:00:01.84]         C:\Users\kurts\Projects\FsCheck\src\FsCheck\Runner.fs(595,0): at FsCheck.Runner.invokeAndThrowInner@592-1.Invoke(Object[] o)
[xUnit.net 00:00:01.84]         /__w/1/s/src/fsharp/src/FSharp.Core/reflect.fs(1230,0): at <StartupCode$FSharp-Core>.$Reflect.Invoke@1230.Invoke(T1 inp)
[xUnit.net 00:00:01.84]            at System.Lazy`1.ViaFactory(LazyThreadSafetyMode mode)
[xUnit.net 00:00:01.84]            at System.Lazy`1.ExecutionAndPublication(LazyHelper executionAndPublication, Boolean useDefaultConstructor)
[xUnit.net 00:00:01.84]            at System.Lazy`1.CreateValue()
[xUnit.net 00:00:01.84]         C:\Users\kurts\Projects\FsCheck\src\FsCheck\Testable.fs(164,0): at FsCheck.Testable.Prop.safeForce[a](Lazy`1 body)
[xUnit.net 00:00:01.84]   Finished:    BibleAtlas.FSharp.Tests
  Passed BibleAtlas.FSharp.Tests.SourceOrderTests.the order gate finds module helpers called inside nested and destructured bindings [46 ms]
  Passed BibleAtlas.FSharp.Tests.SourceOrderTests.the order gate distinguishes a shadowing lambda argument from the outer helper [30 ms]
  Passed BibleAtlas.FSharp.Tests.SourceOrderTests.the order gate checks local helper chains within their binding scope [42 ms]
  Failed BibleAtlas.FSharp.Tests.SourceOrderTests.helper functions members and shared test fixtures follow their first caller in every FSharp source [847 ms]
  Error Message:
   FsCheck.Xunit.PropertyFailedException :
Falsifiable, after 1 test (0 shrinks) (7769746523489586258,8203947076024817071).
Last step was invoked with size of 100 and seed of (14861040524884206971,8622409587196050461):
Original:
<null>

---- /home/donovan/w/CX-FSHARP-wire/client-fsharp.Tests/SchemaSpike/Binding/BindingLaws.fs: nested appears before answers
  Stack Trace:

----- Inner Stack Trace -----
   at BibleAtlas.FSharp.Tests.SourceOrderTests.helper functions members and shared test fixtures follow their first caller in every FSharp source() in /home/donovan/w/CX-FSHARP-wire/client-fsharp.Tests/SourceOrderTests.fs:line 22
   at System.Reflection.MethodBaseInvoker.InterpretedInvoke_Method(Object obj, IntPtr* args)
   at System.Reflection.MethodBaseInvoker.InvokeWithNoArgs(Object obj, BindingFlags invokeAttr)
--- End of stack trace from previous location ---
   at FsCheck.Runner.invokeAndThrowInner@592-1.Invoke(Object[] o) in C:\Users\kurts\Projects\FsCheck\src\FsCheck\Runner.fs:line 595
   at <StartupCode$FSharp-Core>.$Reflect.Invoke@1230.Invoke(T1 inp) in /__w/1/s/src/fsharp/src/FSharp.Core/reflect.fs:line 1230
   at System.Lazy`1.ViaFactory(LazyThreadSafetyMode mode)
   at System.Lazy`1.ExecutionAndPublication(LazyHelper executionAndPublication, Boolean useDefaultConstructor)
   at System.Lazy`1.CreateValue()
   at FsCheck.Testable.Prop.safeForce[a](Lazy`1 body) in C:\Users\kurts\Projects\FsCheck\src\FsCheck\Testable.fs:line 164

Test Run Failed.
Total tests: 13
     Passed: 12
     Failed: 1
 Total time: 2.1520 Seconds
