  Determining projects to restore...
  All projects are up-to-date for restore.
  BibleAtlas.Client.ContractGenerator -> /home/donovan/w/CX-FSHARP-wire/client.ContractGenerator/bin/Debug/net10.0/BibleAtlas.Client.ContractGenerator.dll
  BibleAtlas.FSharp.ContractGenerator -> /home/donovan/w/CX-FSHARP-wire/client-fsharp.ContractGenerator/bin/Debug/net10.0/BibleAtlas.FSharp.ContractGenerator.dll
  BibleAtlas.FSharp.Core -> /home/donovan/w/CX-FSHARP-wire/client-fsharp/Core/bin/Debug/net10.0/BibleAtlas.FSharp.Core.dll
  BibleAtlas.FSharp.Client -> /home/donovan/w/CX-FSHARP-wire/client-fsharp/bin/Debug/net10.0/BibleAtlas.FSharp.Client.dll
  BibleAtlas.FSharp.Client (Blazor output) -> /home/donovan/w/CX-FSHARP-wire/client-fsharp/bin/Debug/net10.0/wwwroot
  BibleAtlas.FSharp.Tests -> /home/donovan/w/CX-FSHARP-wire/client-fsharp.Tests/bin/Debug/net10.0/BibleAtlas.FSharp.Tests.dll
Test run for /home/donovan/w/CX-FSHARP-wire/client-fsharp.Tests/bin/Debug/net10.0/BibleAtlas.FSharp.Tests.dll (.NETCoreApp,Version=v10.0)
A total of 1 test files matched the specified pattern.
[xUnit.net 00:00:01.28]     BibleAtlas.FSharp.Tests.SourceOrderTests.helper functions members and shared test fixtures follow their first caller in every FSharp source [FAIL]
  Failed BibleAtlas.FSharp.Tests.SourceOrderTests.helper functions members and shared test fixtures follow their first caller in every FSharp source [535 ms]
  Error Message:
   FsCheck.Xunit.PropertyFailedException :
Falsifiable, after 1 test (0 shrinks) (1142545350538067890,11778172975056462461).
Last step was invoked with size of 100 and seed of (12775460896366434651,14638594598326145269):
Original:
<null>

---- /home/donovan/w/CX-FSHARP-wire/client-fsharp.ContractGenerator/Generator.fs: fields appears before schemas
/home/donovan/w/CX-FSHARP-wire/client-fsharp.ContractGenerator/Generator.fs: get appears before schemas
/home/donovan/w/CX-FSHARP-wire/client-fsharp.ContractGenerator/Generator.fs: isScalarIdentity appears before primitive
/home/donovan/w/CX-FSHARP-wire/client-fsharp.ContractGenerator/Generator.fs: ownFields appears before properties
/home/donovan/w/CX-FSHARP-wire/client-fsharp.ContractGenerator/Generator.fs: primitive appears before identities
/home/donovan/w/CX-FSHARP-wire/client-fsharp.ContractGenerator/Generator.fs: quote appears before attributes
/home/donovan/w/CX-FSHARP-wire/client-fsharp.ContractGenerator/Generator.fs: referencedCases appears before leaves
/home/donovan/w/CX-FSHARP-wire/client-fsharp.ContractGenerator/Generator.fs: scalar appears before fields
/home/donovan/w/CX-FSHARP-wire/client-fsharp.ContractGenerator/Generator.fs: shape appears before requests
/home/donovan/w/CX-FSHARP-wire/client-fsharp.ContractGenerator/Generator.fs: values appears before ownFields
/home/donovan/w/CX-FSHARP-wire/client-fsharp.Tests/ExplorationTests.fs: node appears before start
/home/donovan/w/CX-FSHARP-wire/client-fsharp.Tests/ModelTests.fs: firstChapter appears before contents
/home/donovan/w/CX-FSHARP-wire/client-fsharp.Tests/PresentationTests.fs: claim appears before place
/home/donovan/w/CX-FSHARP-wire/client-fsharp/Core/Admission/TextSpans.fs: utf16 appears before red
/home/donovan/w/CX-FSHARP-wire/client-fsharp/Core/Domain/Position.fs: position appears before sameIdentity
/home/donovan/w/CX-FSHARP-wire/client-fsharp/Core/Domain/Rooted.fs: admit appears before map2
/home/donovan/w/CX-FSHARP-wire/client-fsharp/Core/Exploration/Explore.fs: bind appears before map
/home/donovan/w/CX-FSHARP-wire/client-fsharp/Core/Exploration/Explore.fs: result appears before map
/home/donovan/w/CX-FSHARP-wire/client-fsharp/Core/Exploration/Explore.fs: run appears before follow
/home/donovan/w/CX-FSHARP-wire/client-fsharp/Core/Exploration/Explore.fs: walk appears before here
/home/donovan/w/CX-FSHARP-wire/client-fsharp/Core/Exploration/Trail.fs: beginAt appears before resume
/home/donovan/w/CX-FSHARP-wire/client-fsharp/Core/Exploration/Trail.fs: current appears before onOneRoot
/home/donovan/w/CX-FSHARP-wire/client-fsharp/Core/Exploration/Trail.fs: follow appears before resume
/home/donovan/w/CX-FSHARP-wire/client-fsharp/Core/Exploration/Trail.fs: onOneRoot appears before resume
/home/donovan/w/CX-FSHARP-wire/client-fsharp/Core/Exploration/Trail.fs: walked appears before onOneRoot
/home/donovan/w/CX-FSHARP-wire/client-fsharp/Core/Loading.fs: beginRead appears before retry
/home/donovan/w/CX-FSHARP-wire/client-fsharp/Main.fs: commands appears before init
  Stack Trace:

----- Inner Stack Trace -----
   at BibleAtlas.FSharp.Tests.SourceOrderTests.helper functions members and shared test fixtures follow their first caller in every FSharp source() in /home/donovan/w/CX-FSHARP-wire/client-fsharp.Tests/SourceOrderTests.fs:line 22
   at System.Reflection.MethodBaseInvoker.InterpretedInvoke_Method(Object obj, IntPtr* args)
   at System.Reflection.MethodBaseInvoker.InvokeWithNoArgs(Object obj, BindingFlags invokeAttr)
--- End of stack trace from previous location ---
   at FsCheck.Runner.invokeAndThrowInner@592-1.Invoke(Object[] o) in C:\Users\kurts\Projects\FsCheck\src\FsCheck\Runner.fs:line 595
   at <StartupCode$FSharp-Core>.$Reflect.Invoke@1230.Invoke(T1 inp) in /__w/1/s/src/fsharp/src/FSharp.Core/reflect.fs:line 1230
   at System.Lazy`1.ViaFactory(LazyThreadSafetyMode mode)
   at System.Lazy`1.ExecutionAndPublication(LazyHelper executionAndPublication, Boolean useDefaultConstructor)
   at System.Lazy`1.CreateValue()
   at FsCheck.Testable.Prop.safeForce[a](Lazy`1 body) in C:\Users\kurts\Projects\FsCheck\src\FsCheck\Testable.fs:line 164

Failed!  - Failed:     1, Passed:    10, Skipped:     0, Total:    11, Duration: 1 s - BibleAtlas.FSharp.Tests.dll (net10.0)
