  Determining projects to restore...
  Restored /home/donovan/w/CX-FSHARP-wire/client-fsharp/BibleAtlas.FSharp.Client.fsproj (in 324 ms).
  2 of 3 projects are up-to-date for restore.
  BibleAtlas.FSharp.ContractGenerator -> /home/donovan/w/CX-FSHARP-wire/client-fsharp.ContractGenerator/bin/Debug/net10.0/BibleAtlas.FSharp.ContractGenerator.dll
  BibleAtlas.FSharp.Core -> /home/donovan/w/CX-FSHARP-wire/client-fsharp/Core/bin/Debug/net10.0/BibleAtlas.FSharp.Core.dll
/home/donovan/w/CX-FSHARP-wire/client-fsharp/View.fs(185,77): error FS0001: The type 'NodeId' does not match the type 'string' [/home/donovan/w/CX-FSHARP-wire/client-fsharp/BibleAtlas.FSharp.Client.fsproj]
/home/donovan/w/CX-FSHARP-wire/client-fsharp/View.fs(187,83): error FS0041: No overloads match for method 'Yield'.

Known type of argument: UnitReference

Available overloads:
 - member Builders.ElementBuilder.Yield: [<InlineIfLambda>] attr: Attr -> Attr // Argument 'attr' doesn't match
 - member Builders.ElementBuilder.Yield: [<InlineIfLambda>] node: Node -> Node // Argument 'node' doesn't match
 - member Builders.ElementBuilder.Yield: [<InlineIfLambda>] ref: Builders.RefContent -> Builders.RefContent // Argument 'ref' doesn't match
 - member Builders.ElementBuilder.Yield: _comp: Builders.ComponentBuilder<#AspNetCore.Components.IComponent> -> Node // Argument '_comp' doesn't match
 - member Builders.ElementBuilder.Yield: comp: Builders.ComponentBuilder -> Node // Argument 'comp' doesn't match
 - member Builders.ElementBuilder.Yield: comp: Builders.ComponentWithAttrsAndNoChildrenBuilder<#AspNetCore.Components.IComponent> -> Node // Argument 'comp' doesn't match
 - member Builders.ElementBuilder.Yield: comp: Builders.ComponentWithAttrsBuilder<#AspNetCore.Components.IComponent> -> Node // Argument 'comp' doesn't match
 - member Builders.ElementBuilder.Yield: eb: Builders.ElementBuilder -> Node // Argument 'eb' doesn't match
 - member Builders.ElementBuilder.Yield: fragment: AspNetCore.Components.RenderFragment -> Node // Argument 'fragment' doesn't match
 - member Builders.ElementBuilder.Yield: ref: HtmlRef -> Builders.RefContent // Argument 'ref' doesn't match
 - member Builders.ElementBuilder.Yield: text: string -> Node // Argument 'text' doesn't match [/home/donovan/w/CX-FSHARP-wire/client-fsharp/BibleAtlas.FSharp.Client.fsproj]
/home/donovan/w/CX-FSHARP-wire/client-fsharp/View.fs(187,48): error FS0041: A unique overload for method 'Delay' could not be determined based on type information prior to this program point. A type annotation may be needed.

Known type of argument: (unit -> 'a)

Candidates:
 - member Builders.ElementBuilder.Delay: [<InlineIfLambda>] a: (unit -> Attr) -> Attr
 - member Builders.ElementBuilder.Delay: [<InlineIfLambda>] n: (unit -> Node) -> Node
 - member Builders.ElementBuilder.Delay: [<InlineIfLambda>] r: (unit -> Builders.ChildAndRefContent) -> Builders.ChildAndRefContent
 - member Builders.ElementBuilder.Delay: [<InlineIfLambda>] r: (unit -> Builders.RefContent) -> Builders.RefContent [/home/donovan/w/CX-FSHARP-wire/client-fsharp/BibleAtlas.FSharp.Client.fsproj]
/home/donovan/w/CX-FSHARP-wire/client-fsharp/View.fs(187,48): error FS0041: A unique overload for method 'Combine' could not be determined based on type information prior to this program point. A type annotation may be needed.

Known types of arguments: Attr * 'a

Candidates:
 - member Builders.ElementBuilder.Combine: [<InlineIfLambda>] x1: Attr * [<InlineIfLambda>] x2: Attr -> Attr
 - member Builders.ElementBuilder.Combine: [<InlineIfLambda>] x1: Attr * [<InlineIfLambda>] x2: Builders.ChildAndRefContent -> Attr
 - member Builders.ElementBuilder.Combine: [<InlineIfLambda>] x1: Attr * [<InlineIfLambda>] x2: Builders.RefContent -> Attr
 - member Builders.ElementBuilder.Combine: [<InlineIfLambda>] x1: Attr * [<InlineIfLambda>] x2: Node -> Attr [/home/donovan/w/CX-FSHARP-wire/client-fsharp/BibleAtlas.FSharp.Client.fsproj]
/home/donovan/w/CX-FSHARP-wire/client-fsharp/View.fs(187,41): error FS0041: A unique overload for method 'Delay' could not be determined based on type information prior to this program point. A type annotation may be needed.

Known type of argument: (unit -> 'a)

Candidates:
 - member Builders.ElementBuilder.Delay: [<InlineIfLambda>] a: (unit -> Attr) -> Attr
 - member Builders.ElementBuilder.Delay: [<InlineIfLambda>] n: (unit -> Node) -> Node
 - member Builders.ElementBuilder.Delay: [<InlineIfLambda>] r: (unit -> Builders.ChildAndRefContent) -> Builders.ChildAndRefContent
 - member Builders.ElementBuilder.Delay: [<InlineIfLambda>] r: (unit -> Builders.RefContent) -> Builders.RefContent [/home/donovan/w/CX-FSHARP-wire/client-fsharp/BibleAtlas.FSharp.Client.fsproj]
/home/donovan/w/CX-FSHARP-wire/client-fsharp/View.fs(187,41): error FS0041: A unique overload for method 'Run' could not be determined based on type information prior to this program point. A type annotation may be needed.

Known type of argument: 'a

Candidates:
 - member Builders.ElementBuilder.Run: [<InlineIfLambda>] content: Attr -> Node
 - member Builders.ElementBuilder.Run: [<InlineIfLambda>] content: Builders.ChildAndRefContent -> Node
 - member Builders.ElementBuilder.Run: [<InlineIfLambda>] content: Builders.RefContent -> Node
 - member Builders.ElementBuilder.Run: [<InlineIfLambda>] content: Node -> Node [/home/donovan/w/CX-FSHARP-wire/client-fsharp/BibleAtlas.FSharp.Client.fsproj]
/home/donovan/w/CX-FSHARP-wire/client-fsharp/View.fs(258,53): error FS0001: The type 'NodeId' does not match the type 'string' [/home/donovan/w/CX-FSHARP-wire/client-fsharp/BibleAtlas.FSharp.Client.fsproj]
/home/donovan/w/CX-FSHARP-wire/client-fsharp/View.fs(268,81): error FS0001: The type 'NodeId' does not match the type 'string' [/home/donovan/w/CX-FSHARP-wire/client-fsharp/BibleAtlas.FSharp.Client.fsproj]
/home/donovan/w/CX-FSHARP-wire/client-fsharp/Runtime.fs(15,88): error FS0001: This expression was expected to have type
    'Corpus'
but here has type
    'string' [/home/donovan/w/CX-FSHARP-wire/client-fsharp/BibleAtlas.FSharp.Client.fsproj]
/home/donovan/w/CX-FSHARP-wire/client-fsharp/Main.fs(28,39): error FS0039: The value, namespace, type or module 'View' is not defined. [/home/donovan/w/CX-FSHARP-wire/client-fsharp/BibleAtlas.FSharp.Client.fsproj]

Build FAILED.

/home/donovan/w/CX-FSHARP-wire/client-fsharp/View.fs(185,77): error FS0001: The type 'NodeId' does not match the type 'string' [/home/donovan/w/CX-FSHARP-wire/client-fsharp/BibleAtlas.FSharp.Client.fsproj]
/home/donovan/w/CX-FSHARP-wire/client-fsharp/View.fs(187,83): error FS0041: No overloads match for method 'Yield'.

Known type of argument: UnitReference

Available overloads:
 - member Builders.ElementBuilder.Yield: [<InlineIfLambda>] attr: Attr -> Attr // Argument 'attr' doesn't match
 - member Builders.ElementBuilder.Yield: [<InlineIfLambda>] node: Node -> Node // Argument 'node' doesn't match
 - member Builders.ElementBuilder.Yield: [<InlineIfLambda>] ref: Builders.RefContent -> Builders.RefContent // Argument 'ref' doesn't match
 - member Builders.ElementBuilder.Yield: _comp: Builders.ComponentBuilder<#AspNetCore.Components.IComponent> -> Node // Argument '_comp' doesn't match
 - member Builders.ElementBuilder.Yield: comp: Builders.ComponentBuilder -> Node // Argument 'comp' doesn't match
 - member Builders.ElementBuilder.Yield: comp: Builders.ComponentWithAttrsAndNoChildrenBuilder<#AspNetCore.Components.IComponent> -> Node // Argument 'comp' doesn't match
 - member Builders.ElementBuilder.Yield: comp: Builders.ComponentWithAttrsBuilder<#AspNetCore.Components.IComponent> -> Node // Argument 'comp' doesn't match
 - member Builders.ElementBuilder.Yield: eb: Builders.ElementBuilder -> Node // Argument 'eb' doesn't match
 - member Builders.ElementBuilder.Yield: fragment: AspNetCore.Components.RenderFragment -> Node // Argument 'fragment' doesn't match
 - member Builders.ElementBuilder.Yield: ref: HtmlRef -> Builders.RefContent // Argument 'ref' doesn't match
 - member Builders.ElementBuilder.Yield: text: string -> Node // Argument 'text' doesn't match [/home/donovan/w/CX-FSHARP-wire/client-fsharp/BibleAtlas.FSharp.Client.fsproj]
/home/donovan/w/CX-FSHARP-wire/client-fsharp/View.fs(187,48): error FS0041: A unique overload for method 'Delay' could not be determined based on type information prior to this program point. A type annotation may be needed.

Known type of argument: (unit -> 'a)

Candidates:
 - member Builders.ElementBuilder.Delay: [<InlineIfLambda>] a: (unit -> Attr) -> Attr
 - member Builders.ElementBuilder.Delay: [<InlineIfLambda>] n: (unit -> Node) -> Node
 - member Builders.ElementBuilder.Delay: [<InlineIfLambda>] r: (unit -> Builders.ChildAndRefContent) -> Builders.ChildAndRefContent
 - member Builders.ElementBuilder.Delay: [<InlineIfLambda>] r: (unit -> Builders.RefContent) -> Builders.RefContent [/home/donovan/w/CX-FSHARP-wire/client-fsharp/BibleAtlas.FSharp.Client.fsproj]
/home/donovan/w/CX-FSHARP-wire/client-fsharp/View.fs(187,48): error FS0041: A unique overload for method 'Combine' could not be determined based on type information prior to this program point. A type annotation may be needed.

Known types of arguments: Attr * 'a

Candidates:
 - member Builders.ElementBuilder.Combine: [<InlineIfLambda>] x1: Attr * [<InlineIfLambda>] x2: Attr -> Attr
 - member Builders.ElementBuilder.Combine: [<InlineIfLambda>] x1: Attr * [<InlineIfLambda>] x2: Builders.ChildAndRefContent -> Attr
 - member Builders.ElementBuilder.Combine: [<InlineIfLambda>] x1: Attr * [<InlineIfLambda>] x2: Builders.RefContent -> Attr
 - member Builders.ElementBuilder.Combine: [<InlineIfLambda>] x1: Attr * [<InlineIfLambda>] x2: Node -> Attr [/home/donovan/w/CX-FSHARP-wire/client-fsharp/BibleAtlas.FSharp.Client.fsproj]
/home/donovan/w/CX-FSHARP-wire/client-fsharp/View.fs(187,41): error FS0041: A unique overload for method 'Delay' could not be determined based on type information prior to this program point. A type annotation may be needed.

Known type of argument: (unit -> 'a)

Candidates:
 - member Builders.ElementBuilder.Delay: [<InlineIfLambda>] a: (unit -> Attr) -> Attr
 - member Builders.ElementBuilder.Delay: [<InlineIfLambda>] n: (unit -> Node) -> Node
 - member Builders.ElementBuilder.Delay: [<InlineIfLambda>] r: (unit -> Builders.ChildAndRefContent) -> Builders.ChildAndRefContent
 - member Builders.ElementBuilder.Delay: [<InlineIfLambda>] r: (unit -> Builders.RefContent) -> Builders.RefContent [/home/donovan/w/CX-FSHARP-wire/client-fsharp/BibleAtlas.FSharp.Client.fsproj]
/home/donovan/w/CX-FSHARP-wire/client-fsharp/View.fs(187,41): error FS0041: A unique overload for method 'Run' could not be determined based on type information prior to this program point. A type annotation may be needed.

Known type of argument: 'a

Candidates:
 - member Builders.ElementBuilder.Run: [<InlineIfLambda>] content: Attr -> Node
 - member Builders.ElementBuilder.Run: [<InlineIfLambda>] content: Builders.ChildAndRefContent -> Node
 - member Builders.ElementBuilder.Run: [<InlineIfLambda>] content: Builders.RefContent -> Node
 - member Builders.ElementBuilder.Run: [<InlineIfLambda>] content: Node -> Node [/home/donovan/w/CX-FSHARP-wire/client-fsharp/BibleAtlas.FSharp.Client.fsproj]
/home/donovan/w/CX-FSHARP-wire/client-fsharp/View.fs(258,53): error FS0001: The type 'NodeId' does not match the type 'string' [/home/donovan/w/CX-FSHARP-wire/client-fsharp/BibleAtlas.FSharp.Client.fsproj]
/home/donovan/w/CX-FSHARP-wire/client-fsharp/View.fs(268,81): error FS0001: The type 'NodeId' does not match the type 'string' [/home/donovan/w/CX-FSHARP-wire/client-fsharp/BibleAtlas.FSharp.Client.fsproj]
/home/donovan/w/CX-FSHARP-wire/client-fsharp/Runtime.fs(15,88): error FS0001: This expression was expected to have type
    'Corpus'
but here has type
    'string' [/home/donovan/w/CX-FSHARP-wire/client-fsharp/BibleAtlas.FSharp.Client.fsproj]
/home/donovan/w/CX-FSHARP-wire/client-fsharp/Main.fs(28,39): error FS0039: The value, namespace, type or module 'View' is not defined. [/home/donovan/w/CX-FSHARP-wire/client-fsharp/BibleAtlas.FSharp.Client.fsproj]
    0 Warning(s)
    10 Error(s)

Time Elapsed 00:00:03.39
