  Determining projects to restore...
  All projects are up-to-date for restore.
  BibleAtlas.Client.ContractGenerator -> /home/donovan/w/CX-FSHARP-wire/client.ContractGenerator/bin/Debug/net10.0/BibleAtlas.Client.ContractGenerator.dll
  BibleAtlas.FSharp.ContractGenerator -> /home/donovan/w/CX-FSHARP-wire/client-fsharp.ContractGenerator/bin/Debug/net10.0/BibleAtlas.FSharp.ContractGenerator.dll
  BibleAtlas.FSharp.Core -> /home/donovan/w/CX-FSHARP-wire/client-fsharp/Core/bin/Debug/net10.0/BibleAtlas.FSharp.Core.dll
  BibleAtlas.FSharp.Client -> /home/donovan/w/CX-FSHARP-wire/client-fsharp/bin/Debug/net10.0/BibleAtlas.FSharp.Client.dll
  BibleAtlas.FSharp.Client (Blazor output) -> /home/donovan/w/CX-FSHARP-wire/client-fsharp/bin/Debug/net10.0/wwwroot
  BibleAtlas.FSharp.Tests -> /home/donovan/w/CX-FSHARP-wire/client-fsharp.Tests/bin/Debug/net10.0/BibleAtlas.FSharp.Tests.dll
Test run for /home/donovan/w/CX-FSHARP-wire/client-fsharp.Tests/bin/Debug/net10.0/BibleAtlas.FSharp.Tests.dll (.NETCoreApp,Version=v10.0)
A total of 1 test files matched the specified pattern.
  Failed BibleAtlas.FSharp.Tests.TransportTests.a served refusal stays an explicit failure instead of an empty collection [36 ms]
  Error Message:
   FsCheck.Xunit.PropertyFailedException :
Falsifiable, after 3 tests (0 shrinks) (13358969662097054182,8388947577756329389).
Last step was invoked with size of 4 and seed of (300862478822254002,3212166073246736923).
Replay directly at failing step with (300862478822254002,3212166073246736923,4).
Original:
(NonNull "", false)

---- Assert.Equal() Failure: Values differ
Expected: Microsoft.FSharp.Core.FSharpResult`2[BibleAtlas.FSharp.Contract.NodeRecord,BibleAtlas.FSharp.Failure]
Actual:   Microsoft.FSharp.Core.FSharpResult`2[BibleAtlas.FSharp.Contract.NodeRecord,BibleAtlas.FSharp.Failure]
  Stack Trace:

----- Inner Stack Trace -----
   at BibleAtlas.FSharp.Tests.TransportTests.a served refusal stays an explicit failure instead of an empty collection(NonNull`1 _arg1, Boolean notFound) in /home/donovan/w/CX-FSHARP-wire/client-fsharp.Tests/TransportTests.fs:line 46
   at InvokeStub_TransportTests.a served refusal stays an explicit failure instead of an empty collection(Object, Span`1)
   at System.Reflection.MethodBaseInvoker.InvokeWithFewArgs(Object obj, BindingFlags invokeAttr, Binder binder, Object[] parameters, CultureInfo culture)
--- End of stack trace from previous location ---
   at FsCheck.Runner.invokeAndThrowInner@592-1.Invoke(Object[] o) in C:\Users\kurts\Projects\FsCheck\src\FsCheck\Runner.fs:line 595
   at <StartupCode$FSharp-Core>.$Reflect.Invoke@1230.Invoke(T1 inp) in /__w/1/s/src/fsharp/src/FSharp.Core/reflect.fs:line 1230
   at System.Lazy`1.ViaFactory(LazyThreadSafetyMode mode)
   at System.Lazy`1.ExecutionAndPublication(LazyHelper executionAndPublication, Boolean useDefaultConstructor)
   at System.Lazy`1.CreateValue()
   at FsCheck.Testable.Prop.safeForce[a](Lazy`1 body) in C:\Users\kurts\Projects\FsCheck\src\FsCheck\Testable.fs:line 164

Failed!  - Failed:     1, Passed:    17, Skipped:     0, Total:    18, Duration: 309 ms - BibleAtlas.FSharp.Tests.dll (net10.0)
