  Determining projects to restore...
  Restored /home/donovan/w/CX-FSHARP-wire/client.ContractGenerator/BibleAtlas.Client.ContractGenerator.csproj (in 407 ms).
  Restored /home/donovan/w/CX-FSHARP-wire/docs/superpowers/reports/evidence/2026-10-03-fsharp-wire-identities/identities/IdentityLaws.fsproj (in 506 ms).
  1 of 3 projects are up-to-date for restore.
  BibleAtlas.FSharp.ContractGenerator -> /home/donovan/w/CX-FSHARP-wire/client-fsharp.ContractGenerator/bin/Debug/net10.0/BibleAtlas.FSharp.ContractGenerator.dll
  BibleAtlas.Client.ContractGenerator -> /home/donovan/w/CX-FSHARP-wire/client.ContractGenerator/bin/Debug/net10.0/BibleAtlas.Client.ContractGenerator.dll
  IdentityLaws -> /home/donovan/w/CX-FSHARP-wire/docs/superpowers/reports/evidence/2026-10-03-fsharp-wire-identities/identities/bin/Debug/net10.0/IdentityLaws.dll
Test run for /home/donovan/w/CX-FSHARP-wire/docs/superpowers/reports/evidence/2026-10-03-fsharp-wire-identities/identities/bin/Debug/net10.0/IdentityLaws.dll (.NETCoreApp,Version=v10.0)
A total of 1 test files matched the specified pattern.
[xUnit.net 00:00:00.58]     BibleAtlas.FSharp.Tests.ContractIdentityLaws.every generated identity displays its exact primitive without exposing its constructor [FAIL]
  Failed BibleAtlas.FSharp.Tests.ContractIdentityLaws.every generated identity displays its exact primitive without exposing its constructor [380 ms]
  Error Message:
   FsCheck.Xunit.PropertyFailedException :
Falsifiable, after 1 test (0 shrinks) (8262939429651759329,15208966144002931879).
Last step was invoked with size of 2 and seed of (16367867965257321524,9590574850518559981):
Original:
0us

---- Assert.Equal() Failure: Collections differ
Expected: [Tuple ("ArtifactRoot", "wire-0-λ"), Tuple ("BibleReference", "wire-0-λ"), Tuple ("ChapterReference", "wire-0-λ"), Tuple ("ConcordReference", "wire-0-λ"), Tuple ("ContentsReference", "wire-0-λ"), ···]
Actual:   [Tuple ("ArtifactRoot", "ArtifactRoot \"wire-0-λ\""), Tuple ("BibleReference", "BibleReference \"wire-0-λ\""), Tuple ("ChapterReference", "ChapterReference \"wire-0-λ\""), Tuple ("ConcordReference", "ConcordReference \"wire-0-λ\""), Tuple ("ContentsReference", "ContentsReference \"wire-0-λ\""), ···]
  Stack Trace:

----- Inner Stack Trace -----
   at BibleAtlas.FSharp.Tests.ContractIdentityLaws.every generated identity displays its exact primitive without exposing its constructor(UInt16 suffix) in /home/donovan/w/CX-FSHARP-wire/client-fsharp.Tests/ContractIdentityLaws.fs:line 79
   at System.Reflection.MethodBaseInvoker.InterpretedInvoke_Method(Object obj, IntPtr* args)
   at System.Reflection.MethodBaseInvoker.InvokeDirectByRefWithFewArgs(Object obj, Span`1 copyOfArgs, BindingFlags invokeAttr)
--- End of stack trace from previous location ---
   at FsCheck.Runner.invokeAndThrowInner@592-1.Invoke(Object[] o) in C:\Users\kurts\Projects\FsCheck\src\FsCheck\Runner.fs:line 595
   at <StartupCode$FSharp-Core>.$Reflect.Invoke@1230.Invoke(T1 inp) in /__w/1/s/src/fsharp/src/FSharp.Core/reflect.fs:line 1230
   at System.Lazy`1.ViaFactory(LazyThreadSafetyMode mode)
   at System.Lazy`1.ExecutionAndPublication(LazyHelper executionAndPublication, Boolean useDefaultConstructor)
   at System.Lazy`1.CreateValue()
   at FsCheck.Testable.Prop.safeForce[a](Lazy`1 body) in C:\Users\kurts\Projects\FsCheck\src\FsCheck\Testable.fs:line 164

Failed!  - Failed:     1, Passed:     0, Skipped:     0, Total:     1, Duration: 436 ms - IdentityLaws.dll (net10.0)
