  BibleAtlas.FSharp.ContractGenerator -> /home/donovan/w/CX-FSHARP/client-fsharp.ContractGenerator/bin/Debug/net10.0/BibleAtlas.FSharp.ContractGenerator.dll
  BibleAtlas.FSharp.Core -> /home/donovan/w/CX-FSHARP/client-fsharp/Core/bin/Debug/net10.0/BibleAtlas.FSharp.Core.dll
  DomainLaws -> /home/donovan/w/CX-FSHARP/client-fsharp.Tests/Domain/bin/Debug/net10.0/DomainLaws.dll
Test run for /home/donovan/w/CX-FSHARP/client-fsharp.Tests/Domain/bin/Debug/net10.0/DomainLaws.dll (.NETCoreApp,Version=v10.0)
A total of 1 test files matched the specified pattern.
[xUnit.net 00:00:00.55]     BibleAtlas.FSharp.Tests.Domain.DeclarationLaws.every client concept has one declaration home [FAIL]
  Failed BibleAtlas.FSharp.Tests.Domain.DeclarationLaws.every client concept has one declaration home [371 ms]
  Error Message:
   FsCheck.Xunit.PropertyFailedException : 
Falsifiable, after 1 test (0 shrinks) (18433955222901905167,12999317291981509999). 
Last step was invoked with size of 100 and seed of (8187291976939720159,15202338409353966067):
Original:
<null>

---- Assert.Equal() Failure: Collections differ
Expected: []
Actual:   ["Resolved: /home/donovan/w/CX-FSHARP/client-fsharp/"···, "Trail: /home/donovan/w/CX-FSHARP/client-fsharp/Cor"···]
  Stack Trace:
  
----- Inner Stack Trace -----
   at BibleAtlas.FSharp.Tests.Domain.DeclarationLaws.every client concept has one declaration home() in /home/donovan/w/CX-FSHARP/client-fsharp.Tests/Domain/DeclarationLaws.fs:line 18
   at System.Reflection.MethodBaseInvoker.InterpretedInvoke_Method(Object obj, IntPtr* args)
   at System.Reflection.MethodBaseInvoker.InvokeWithNoArgs(Object obj, BindingFlags invokeAttr)
--- End of stack trace from previous location ---
   at FsCheck.Runner.invokeAndThrowInner@592-1.Invoke(Object[] o) in C:\Users\kurts\Projects\FsCheck\src\FsCheck\Runner.fs:line 595
   at <StartupCode$FSharp-Core>.$Reflect.Invoke@1230.Invoke(T1 inp) in /__w/1/s/src/fsharp/src/FSharp.Core/reflect.fs:line 1230
   at System.Lazy`1.ViaFactory(LazyThreadSafetyMode mode)
   at System.Lazy`1.ExecutionAndPublication(LazyHelper executionAndPublication, Boolean useDefaultConstructor)
   at System.Lazy`1.CreateValue()
   at FsCheck.Testable.Prop.safeForce[a](Lazy`1 body) in C:\Users\kurts\Projects\FsCheck\src\FsCheck\Testable.fs:line 164

Failed!  - Failed:     1, Passed:     1, Skipped:     0, Total:     2, Duration: 481 ms - DomainLaws.dll (net10.0)
