  BibleAtlas.FSharp.ContractGenerator -> /home/donovan/w/CX-FSHARP/client-fsharp.ContractGenerator/bin/Debug/net10.0/BibleAtlas.FSharp.ContractGenerator.dll
  BibleAtlas.FSharp.Core -> /home/donovan/w/CX-FSHARP/client-fsharp/Core/bin/Debug/net10.0/BibleAtlas.FSharp.Core.dll
  BibleAtlas.FSharp.Client -> /home/donovan/w/CX-FSHARP/client-fsharp/bin/Debug/net10.0/BibleAtlas.FSharp.Client.dll
  BibleAtlas.FSharp.Client (Blazor output) -> /home/donovan/w/CX-FSHARP/client-fsharp/bin/Debug/net10.0/wwwroot
  BibleAtlas.FSharp.Tests -> /home/donovan/w/CX-FSHARP/client-fsharp.Tests/bin/Debug/net10.0/BibleAtlas.FSharp.Tests.dll
Test run for /home/donovan/w/CX-FSHARP/client-fsharp.Tests/bin/Debug/net10.0/BibleAtlas.FSharp.Tests.dll (.NETCoreApp,Version=v10.0)
A total of 1 test files matched the specified pattern.
[xUnit.net 00:00:00.24]     BibleAtlas.FSharp.Tests.ExploreLaws.constructing an exploration defers its whole computation until execution [FAIL]
  Failed BibleAtlas.FSharp.Tests.ExploreLaws.constructing an exploration defers its whole computation until execution [56 ms]
  Error Message:
   FsCheck.Xunit.PropertyFailedException : 
Falsifiable, after 1 test (1 shrink) (16322232188394025522,9027993649303383861). 
Last step was invoked with size of 2 and seed of (2446042919450790267,14793832444322495161):
Original:
1
Shrunk:
0

---- Assert.Equal() Failure: Values differ
Expected: Tuple (False, True, Microsoft.FSharp.Core.FSharpResult`2[System.Tuple`2[System.Int32,BibleAtlas.FSharp.Trail],BibleAtlas.FSharp.Failure])
Actual:   Tuple (True, True, Microsoft.FSharp.Core.FSharpResult`2[System.Tuple`2[System.Int32,BibleAtlas.FSharp.Trail],BibleAtlas.FSharp.Failure])
  Stack Trace:
  
----- Inner Stack Trace -----
   at BibleAtlas.FSharp.Tests.ExploreLaws.constructing an exploration defers its whole computation until execution(Int32 value) in /home/donovan/w/CX-FSHARP/client-fsharp.Tests/ExploreLaws.fs:line 34
   at InvokeStub_ExploreLaws.constructing an exploration defers its whole computation until execution(Object, Span`1)
   at System.Reflection.MethodBaseInvoker.InvokeWithOneArg(Object obj, BindingFlags invokeAttr, Binder binder, Object[] parameters, CultureInfo culture)
--- End of stack trace from previous location ---
   at FsCheck.Runner.invokeAndThrowInner@592-1.Invoke(Object[] o) in C:\Users\kurts\Projects\FsCheck\src\FsCheck\Runner.fs:line 595
   at <StartupCode$FSharp-Core>.$Reflect.Invoke@1230.Invoke(T1 inp) in /__w/1/s/src/fsharp/src/FSharp.Core/reflect.fs:line 1230
   at System.Lazy`1.ViaFactory(LazyThreadSafetyMode mode)
   at System.Lazy`1.ExecutionAndPublication(LazyHelper executionAndPublication, Boolean useDefaultConstructor)
   at System.Lazy`1.CreateValue()
   at FsCheck.Testable.Prop.safeForce[a](Lazy`1 body) in C:\Users\kurts\Projects\FsCheck\src\FsCheck\Testable.fs:line 164

Failed!  - Failed:     1, Passed:     4, Skipped:     0, Total:     5, Duration: 166 ms - BibleAtlas.FSharp.Tests.dll (net10.0)
