  BibleAtlas.FSharp.ContractGenerator -> /home/donovan/w/CX-FSHARP-wire/client-fsharp.ContractGenerator/bin/Debug/net10.0/BibleAtlas.FSharp.ContractGenerator.dll
  BibleAtlas.Client.ContractGenerator -> /home/donovan/w/CX-FSHARP-wire/client.ContractGenerator/bin/Debug/net10.0/BibleAtlas.Client.ContractGenerator.dll
  BibleAtlas.FSharp.Core -> /home/donovan/w/CX-FSHARP-wire/client-fsharp/Core/bin/Debug/net10.0/BibleAtlas.FSharp.Core.dll
  BibleAtlas.FSharp.Client -> /home/donovan/w/CX-FSHARP-wire/client-fsharp/bin/Debug/net10.0/BibleAtlas.FSharp.Client.dll
  BibleAtlas.FSharp.Client (Blazor output) -> /home/donovan/w/CX-FSHARP-wire/client-fsharp/bin/Debug/net10.0/wwwroot
  BibleAtlas.FSharp.Tests -> /home/donovan/w/CX-FSHARP-wire/client-fsharp.Tests/bin/Debug/net10.0/BibleAtlas.FSharp.Tests.dll
Test run for /home/donovan/w/CX-FSHARP-wire/client-fsharp.Tests/bin/Debug/net10.0/BibleAtlas.FSharp.Tests.dll (.NETCoreApp,Version=v10.0)
A total of 1 test files matched the specified pattern.
[xUnit.net 00:00:00.00] xUnit.net VSTest Adapter v3.1.4+50e68bbb8b (64-bit .NET 10.0.12)
[xUnit.net 00:00:00.07]   Discovering: BibleAtlas.FSharp.Tests
[xUnit.net 00:00:00.12]   Discovered:  BibleAtlas.FSharp.Tests
[xUnit.net 00:00:00.15]   Starting:    BibleAtlas.FSharp.Tests
  Passed BibleAtlas.FSharp.Tests.Domain.HttpUrlLaws.malformed and relative URLs are refused rather than repaired [76 ms]
  Passed BibleAtlas.FSharp.Tests.Domain.DocumentPositionLaws.document lines are one based and preserve every valid value [63 ms]
  Passed BibleAtlas.FSharp.Tests.Domain.ArrayIndexLaws.array index admission accepts exactly nonnegative integers [63 ms]
  Passed BibleAtlas.FSharp.Tests.Domain.NonEmptyLaws.append is associative [97 ms]
  Passed BibleAtlas.FSharp.Tests.ModelTests.a completion from a departed surface cannot alter any replacement surface [99 ms]
  Passed BibleAtlas.FSharp.Tests.Domain.HttpUrlLaws.non web schemes are refused before a visit link is admitted [2 ms]
  Passed BibleAtlas.FSharp.Tests.Domain.DocumentPositionLaws.document byte columns are one based and preserve every valid value [3 ms]
  Passed BibleAtlas.FSharp.Tests.StateTests.every failed read preserves the entire last value and permits a fresh retry [103 ms]
  Passed BibleAtlas.FSharp.Tests.Domain.NonEmptyLaws.nonempty admission refuses empty input and preserves every nonempty list [10 ms]
  Passed BibleAtlas.FSharp.Tests.Domain.HttpUrlLaws.HTTP and HTTPS admission preserves a complete generated absolute URL [8 ms]
  Passed BibleAtlas.FSharp.Tests.Domain.NonEmptyLaws.singleton has exactly its supplied element [4 ms]
  Passed BibleAtlas.FSharp.Tests.Domain.PositiveLaws.positive admission accepts exactly positive integers and preserves their value [3 ms]
  Passed BibleAtlas.FSharp.Tests.Domain.RootedLaws.every generated foreign root is refused with both identities intact [16 ms]
  Passed BibleAtlas.FSharp.Tests.StateTests.beginning a new request preserves the last complete value through every pending state [22 ms]
  Passed BibleAtlas.FSharp.Tests.Domain.PageCacheLaws.a missing cache lookup returns no page and the identical cache [15 ms]
  Passed BibleAtlas.FSharp.Tests.Domain.NonEmptyLaws.map preserves identity and composition without empty output [20 ms]
  Passed BibleAtlas.FSharp.Tests.Domain.PositiveLaws.positive admission refuses zero and every generated negative integer [16 ms]
  Passed BibleAtlas.FSharp.Tests.StateTests.every obsolete completion leaves the newer pending state unchanged [11 ms]
  Passed BibleAtlas.FSharp.Tests.AnchoredTextTests.two anchors and a crossing red letter boundary retain every served piece [137 ms]
  Passed BibleAtlas.FSharp.Tests.Domain.NonEmptyLaws.append preserves both complete operands in order [5 ms]
  Passed BibleAtlas.FSharp.Tests.AnchoredTextTests.scalar offsets compose Unicode anchors within one red letter run [2 ms]
  Passed BibleAtlas.FSharp.Tests.Domain.RootedLaws.rooted mapping preserves identity and composition [14 ms]
  Passed BibleAtlas.FSharp.Tests.StateTests.a completion after leaving a view cannot reopen any old value [6 ms]
  Passed BibleAtlas.FSharp.Tests.ExploreLaws.constructing an exploration defers its whole computation until execution [148 ms]
  Passed BibleAtlas.FSharp.Tests.PresentationTests.an edge card preserves its served label and optional provenance title [47 ms]
  Passed BibleAtlas.FSharp.Tests.Domain.ReadFailureLaws.transient refusals alone are retryable while every terminal category and cancellation stays distinct [23 ms]
  Passed BibleAtlas.FSharp.Tests.Domain.PageCacheLaws.replacing a key installs its new page once and makes it most recent [24 ms]
  Passed BibleAtlas.FSharp.Tests.GeneratorTests.a named identity union has its own representation and a widening from its declared leaf [191 ms]
  Passed BibleAtlas.FSharp.Tests.Domain.RootedLaws.root admission accepts exactly the requested data version and preserves the whole value [72 ms]
  Passed BibleAtlas.FSharp.Tests.PresentationTests.a map or era card uses the whole served window label [57 ms]
  Passed BibleAtlas.FSharp.Tests.TransportTests.a typed HTTP read refuses a record missing its required fields [223 ms]
  Passed BibleAtlas.FSharp.Tests.ExploreLaws.exploration left identity preserves the complete result and trail for every continuation [85 ms]
  Passed BibleAtlas.FSharp.Tests.ModelTests.a text completion after navigation cannot reopen a departed reading [136 ms]
  Passed BibleAtlas.FSharp.Tests.PresentationTests.a node card composes exactly its served label and provenance title [28 ms]
  Passed BibleAtlas.FSharp.Tests.PresentationTests.a place card composes its name and date claims without a blurb [3 ms]
  Passed BibleAtlas.FSharp.Tests.PresentationTests.a polity card uses the served reign label without formatting its dates [4 ms]
  Passed BibleAtlas.FSharp.Tests.Domain.PageCacheLaws.rebasing refuses an old root completion and retains the empty new root cache [9 ms]
  Passed BibleAtlas.FSharp.Tests.Domain.RootedLaws.same root combination is associative and preserves the complete ordered payload [40 ms]
  Passed BibleAtlas.FSharp.Tests.GeneratorTests.a cursor default is exposed only as its own typed first value [64 ms]
  Passed BibleAtlas.FSharp.Tests.ExplorationTests.a resumed journey refuses a final target from a different generated artifact root [100 ms]
  Passed BibleAtlas.FSharp.Tests.Domain.RootedLaws.mapping preserves both the admitted root and the complete transformed value [5 ms]
  Passed BibleAtlas.FSharp.Tests.ModelTests.Concord opens its bounded reading from the served corpus beginning [33 ms]
  Passed BibleAtlas.FSharp.Tests.ExploreLaws.exploration associativity preserves failures and the entire trail [37 ms]
  Passed BibleAtlas.FSharp.Tests.GeneratorTests.an unsupported wire shape is refused rather than replaced with an untyped value [14 ms]
  Passed BibleAtlas.FSharp.Tests.Domain.RootedLaws.combining values is admitted only on one coherent root [11 ms]
  Passed BibleAtlas.FSharp.Tests.PresentationTests.every presentation field has exactly its declared caption [23 ms]
  Passed BibleAtlas.FSharp.Tests.PresentationTests.a TextUnit without its served text is an explicit contract failure [2 ms]
  Passed BibleAtlas.FSharp.Tests.ExploreLaws.exploration right identity preserves a successful or failed stateful walk [6 ms]
  Passed BibleAtlas.FSharp.Tests.PresentationTests.a TextUnit presentation preserves its entire served text record and provenance title [2 ms]
  Passed BibleAtlas.FSharp.Tests.Domain.CoordinatesLaws.every nonfinite coordinate is refused including all NaN and infinity witnesses [14 ms]
  Passed BibleAtlas.FSharp.Tests.TransportTests.a typed HTTP read returns the whole element page [66 ms]
  Passed BibleAtlas.FSharp.Tests.ExploreLaws.following across a root change renews every retained identity on the new root [14 ms]
  Passed BibleAtlas.FSharp.Tests.ExplorationTests.an empty resolved journey refuses every generated step list with its missing origin count [39 ms]
  Passed BibleAtlas.FSharp.Tests.TransportTests.the application failure vocabulary exposes structured reads and no raw transport string constructor [7 ms]
  Passed BibleAtlas.FSharp.Tests.Domain.PageCacheLaws.structured query and cursor keys retain independent complete pages [26 ms]
  Passed BibleAtlas.FSharp.Tests.GeneratorTests.a schema generates immutable fields with their exact wire names and optionality [32 ms]
  Passed BibleAtlas.FSharp.Tests.AnchoredTextTests.an empty served text renders no invented run [176 ms]
  Passed BibleAtlas.FSharp.Tests.Domain.CoordinatesLaws.latitude rejects nonfinite and out of range values as distinct failures [32 ms]
  Passed BibleAtlas.FSharp.Tests.Domain.PageCacheLaws.put preserves a complete admitted page under its exact key [8 ms]
  Passed BibleAtlas.FSharp.Tests.Domain.CoordinatesLaws.longitude rejects nonfinite and out of range values as distinct failures [6 ms]
  Passed BibleAtlas.FSharp.Tests.ExplorationTests.Resume preserves a failed whole-journey read without constructing a false trail [32 ms]
  Passed BibleAtlas.FSharp.Tests.Domain.PageCacheLaws.rebasing is identity at the same root and clears pages at another root [9 ms]
  Passed BibleAtlas.FSharp.Tests.Domain.StatusLaws.both refusal doors preserve generated codes and their complete class boundaries [15 ms]
  Passed BibleAtlas.FSharp.Tests.ExploreLaws.the trail retains only its most recent budgeted steps and the source of that suffix [51 ms]
  Passed BibleAtlas.FSharp.Tests.ExplorationTests.Back records the served dual edge and cancels the whole visible breadcrumb [18 ms]
  Passed BibleAtlas.FSharp.Tests.TransportTests.unexpected HTTP statuses retain their evidence and invalid codes have server-error retryability [51 ms]
  Passed BibleAtlas.FSharp.Tests.Domain.StatusLaws.server refusal admission preserves exactly the whole 500 through 599 range [7 ms]
  Passed BibleAtlas.FSharp.Tests.Domain.StatusLaws.client refusal admission preserves exactly the whole 400 through 499 range [2 ms]
  Passed BibleAtlas.FSharp.Tests.Domain.StatusLaws.invalid HTTP status admission recognizes exactly the complement of 100 through 599 [2 ms]
  Passed BibleAtlas.FSharp.Tests.GeneratorTests.every schema in the current published contract generates without an untyped fallback [60 ms]
  Passed BibleAtlas.FSharp.Tests.Domain.PageCacheLaws.a foreign page is refused without changing the previous cache [11 ms]
  Passed BibleAtlas.FSharp.Tests.PropertyTests.every compiled FSharp test is a property including inherited or aliased test attributes [15 ms]
  Passed BibleAtlas.FSharp.Tests.GeneratorTests.closed vocabulary spells each case from its wire enum [9 ms]
  Passed BibleAtlas.FSharp.Tests.ExplorationTests.a resumed journey refuses every generated missing target cardinality [25 ms]
  Passed BibleAtlas.FSharp.Tests.Domain.GraphFailureLaws.every graph answer category is terminal and remains unaltered inside the read failure [32 ms]
  Passed BibleAtlas.FSharp.Tests.Domain.GraphFailureLaws.every graph answer failure carries its complete typed evidence and no message string [9 ms]
  Passed BibleAtlas.FSharp.Tests.ExplorationTests.a missing element cannot become a resolved position for any requested identity [11 ms]
  Passed BibleAtlas.FSharp.Tests.Domain.PageCacheLaws.a new cache retains its root and page budget with no entries [15 ms]
  Passed BibleAtlas.FSharp.Tests.ExplorationTests.Back at the beginning preserves the complete trail and does no graph read [4 ms]
  Passed BibleAtlas.FSharp.Tests.GeneratorTests.named scalar schemas generate distinct immutable identities [27 ms]
  Passed BibleAtlas.FSharp.Tests.GraphTests.a nonterminal empty page cannot keep a resolution reading forever [36 ms]
  Passed BibleAtlas.FSharp.Tests.RuntimeTests.the opening command resolves its typed position and delivers the whole trail [271 ms]
  Passed BibleAtlas.FSharp.Tests.GraphTests.an incomplete element answer cannot shift the remaining journey [19 ms]
  Passed BibleAtlas.FSharp.Tests.RuntimeTests.the Back command interprets the algebra without a transport read [22 ms]
  Passed BibleAtlas.FSharp.Tests.GraphTests.a continuation after all requested elements preserves its exact cursor and sends no further read [24 ms]
  Passed BibleAtlas.FSharp.Tests.GraphTests.a changed served kind cannot replace the same requested node identity [15 ms]
  Passed BibleAtlas.FSharp.Tests.GraphTests.extra answered elements retain the whole requested and received cardinalities [24 ms]
  Passed BibleAtlas.FSharp.Tests.ModelTests.unknown routes book codes and invalid chapter input are refused [234 ms]
  Passed BibleAtlas.FSharp.Tests.ContractTests.text references retain every field of either closed corpus case [235 ms]
  Passed BibleAtlas.FSharp.Tests.GraphTests.an ordered resolution reads the whole element page once [18 ms]
  Passed BibleAtlas.FSharp.Tests.ContractTests.missing elements preserve the whole generated requested identity [1 ms]
  Passed BibleAtlas.FSharp.Tests.TransportTests.generated requests compose escaped paths and the contract enum spellings [166 ms]
  Passed BibleAtlas.FSharp.Tests.TransportTests.a user-cancelled HTTP read is distinct from a retryable interruption [16 ms]
  Passed BibleAtlas.FSharp.Tests.ModelTests.Concord Next and failed-page retry preserve exactly the served continuation request [31 ms]
  Passed BibleAtlas.FSharp.Tests.GraphTests.a root change between pages refuses the mixed journey [34 ms]
  Passed BibleAtlas.FSharp.Tests.ModelTests.a failed opening retains exactly the position needed by Retry [14 ms]
  Passed BibleAtlas.FSharp.Tests.TransportTests.every client refusal retains its exact admitted status and published error code [22 ms]
  Passed BibleAtlas.FSharp.Tests.ModelTests.reading page constructors are private to the surface transition boundary [5 ms]
  Passed BibleAtlas.FSharp.Tests.GraphTests.a missing element cannot become a resolved position [12 ms]
  Passed BibleAtlas.FSharp.Tests.ModelTests.a superseded focus completion cannot replace a later traversal [8 ms]
  Passed BibleAtlas.FSharp.Tests.TransportTests.every malformed refusal body preserves its HTTP classification without inventing an error code [19 ms]
  Passed BibleAtlas.FSharp.Tests.ModelTests.reader startup uses the complete served contents to open its selected chapter [21 ms]
  Passed BibleAtlas.FSharp.Tests.GraphTests.a paged resolution retains the requested order across a single artifact [31 ms]
  Passed BibleAtlas.FSharp.Tests.TransportTests.an interrupted HTTP request completes with an explicit retryable failure [19 ms]
  Passed BibleAtlas.FSharp.Tests.GraphTests.an empty resolution does no transport work [1 ms]
  Passed BibleAtlas.FSharp.Tests.GraphTests.a different answered identity cannot silently replace the requested position [18 ms]
  Passed BibleAtlas.FSharp.Tests.TransportTests.every server refusal retains its exact admitted status and published error code [19 ms]
  Passed BibleAtlas.FSharp.Tests.Domain.PageCacheLaws.ten thousand distinct puts retain exactly the latest page budget and no prefix history [250 ms]
  Passed BibleAtlas.FSharp.Tests.Domain.PageCacheLaws.a hit returns the whole page and refreshes recency before eviction [8 ms]
  Passed BibleAtlas.FSharp.Tests.ModelTests.every noncurrent surface completion preserves every page state and its focus [64 ms]
  Passed BibleAtlas.FSharp.Tests.ContractTests.a Concord text window preserves its complete generated unit when the optional heading is null [158 ms]
  Passed BibleAtlas.FSharp.Tests.ModelTests.a failed contents read retries only contents with a new identity [54 ms]
  Passed BibleAtlas.FSharp.Tests.ModelTests.source retry advances only its failed operation and keeps its entire last value [5 ms]
  Passed BibleAtlas.FSharp.Tests.ModelTests.contents from the other corpus preserve the mismatch and perform no text read [5 ms]
  Passed BibleAtlas.FSharp.Tests.ModelTests.following preserves the current trail while its replacement is in flight [16 ms]
  Passed BibleAtlas.FSharp.Tests.ModelTests.a current source completion installs the whole served answer without starting another read [5 ms]
  Passed BibleAtlas.FSharp.Tests.ModelTests.closing focus refuses a late successful opening [3 ms]
  Passed BibleAtlas.FSharp.Tests.ModelTests.reader and Concord routes roundtrip their generated vocabulary and escaped payloads [18 ms]
  Passed BibleAtlas.FSharp.Tests.Domain.DeclarationLaws.duplicate declaration detection permits companions in one home and refuses names in two homes [801 ms]
  Passed BibleAtlas.FSharp.Tests.ModelTests.every message belonging to another surface preserves every page state [56 ms]
  Passed BibleAtlas.FSharp.Tests.ModelTests.opening a focus has a new identity and resolves only its requested position [10 ms]
  Passed BibleAtlas.FSharp.Tests.SourceOrderTests.the order gate finds a fixture used through a served record field [708 ms]
  Passed BibleAtlas.FSharp.Tests.SourceOrderTests.the order gate refuses a helper above its caller and accepts descending intent [93 ms]
  Passed BibleAtlas.FSharp.Tests.Domain.DeclarationLaws.every client concept has one declaration home [246 ms]
  Passed BibleAtlas.FSharp.Tests.SourceOrderTests.the order gate checks type member helpers below their first member caller [151 ms]
  Passed BibleAtlas.FSharp.Tests.SourceOrderTests.the order gate preserves private helper checking inside nested modules [69 ms]
  Passed BibleAtlas.FSharp.Tests.SourceOrderTests.the order gate permits local inputs before computations that consume them [47 ms]
  Passed BibleAtlas.FSharp.Tests.SourceOrderTests.the order gate distinguishes a shadowing parameter from the outer helper [53 ms]
  Passed BibleAtlas.FSharp.Tests.SourceOrderTests.the order gate checks helpers reached through a qualified module reference [104 ms]
  Passed BibleAtlas.FSharp.Tests.ExplorationTests.every generated edge kind has an involutive dual from the published vocabulary [1 s]
  Passed BibleAtlas.FSharp.Tests.ExplorationTests.the exploration expression composes nested reads with the complete generated trail [9 ms]
  Passed BibleAtlas.FSharp.Tests.SourceOrderTests.the order gate checks every exported helper regardless of its visibility [106 ms]
  Passed BibleAtlas.FSharp.Tests.ExplorationTests.Resume resolves every saved identity once and retains the bounded whole journey with its kinds [55 ms]
  Passed BibleAtlas.FSharp.Tests.SourceOrderTests.the order gate permits module data before an operation that reads it [30 ms]
  Passed BibleAtlas.FSharp.Tests.ViewTests.an explicit failure offers Retry and dispatches its message [1 s]
  Passed BibleAtlas.FSharp.Tests.ExplorationTests.following refuses any generated non-singleton answer with both cardinalities [96 ms]
  Passed BibleAtlas.FSharp.Tests.ExplorationTests.a node record cannot be stamped with a different generated page root [8 ms]
  Passed BibleAtlas.FSharp.Tests.SourceOrderTests.the order gate finds module helpers called inside nested and destructured bindings [91 ms]
  Passed BibleAtlas.FSharp.Tests.ExplorationTests.a failed exploration stops the continuation and makes exactly its requested read [20 ms]
  Passed BibleAtlas.FSharp.Tests.SourceOrderTests.the order gate distinguishes a shadowing lambda argument from the outer helper [85 ms]
  Passed BibleAtlas.FSharp.Tests.ModelTests.future sized Concord turns retain exactly the final page and current request [905 ms]
  Passed BibleAtlas.FSharp.Tests.SourceOrderTests.the order gate checks local helper chains within their binding scope [144 ms]
  Passed BibleAtlas.FSharp.Tests.ModelTests.retry with no failed operation preserves every surface and pending request [100 ms]
  Passed BibleAtlas.FSharp.Tests.ModelTests.navigating to the current route preserves its pending request instead of sending it twice [70 ms]
  Passed BibleAtlas.FSharp.Tests.ModelTests.a text answer from another corpus is refused before entering either reading surface [19 ms]
  Passed BibleAtlas.FSharp.Tests.ModelTests.a missing chapter is unavailable without a manufactured request identity or retry [5 ms]
  Passed BibleAtlas.FSharp.Tests.ViewTests.Escape dispatches CloseFocus for every generated current node [412 ms]
  Passed BibleAtlas.FSharp.Tests.ViewTests.Back in the popover dispatches the exploration operation [227 ms]
  Passed BibleAtlas.FSharp.Tests.ViewTests.the served Concord continuation exposes Next through an Elmish message [323 ms]
  Passed BibleAtlas.FSharp.Tests.ViewTests.unrelated typing over a reader anchor does not open a focus [392 ms]
  Passed BibleAtlas.FSharp.Tests.ViewTests.the shared header retains primary navigation translation and credits [351 ms]
  Passed BibleAtlas.FSharp.Tests.ViewTests.a terminal Concord page offers no invented continuation [360 ms]
  Passed BibleAtlas.FSharp.Tests.ViewTests.an invalid text presentation retries by renewing the exploration [461 ms]
  Passed BibleAtlas.FSharp.Tests.ViewTests.the reader shows a failed contents read with an explicit Retry [542 ms]
  Passed BibleAtlas.FSharp.Tests.ViewTests.the reader renders an event heading without an invented continuation [399 ms]
  Passed BibleAtlas.FSharp.Tests.ViewTests.the reader retains a continued quiet heading and its served target [440 ms]
  Passed BibleAtlas.FSharp.Tests.ViewTests.the Concord view renders the entire served paragraph and citation [483 ms]
  Passed BibleAtlas.FSharp.Tests.ViewTests.a served reader anchor opens its typed position from the keyboard [477 ms]
  Passed BibleAtlas.FSharp.Tests.SourceOrderTests.helper functions members and shared test fixtures follow their first caller in every FSharp source [5 s]
  Passed BibleAtlas.FSharp.Tests.ViewTests.a failed focus retries its own request rather than the underlying page [515 ms]
  Passed BibleAtlas.FSharp.Tests.ViewTests.closing a visible focus dispatches CloseFocus [445 ms]
  Passed BibleAtlas.FSharp.Tests.ViewTests.the reader renders the whole served chapter with anchored red letter text [564 ms]
  Passed BibleAtlas.FSharp.Tests.ViewTests.a text presentation follows its served anchor within the current exploration [515 ms]
  Passed BibleAtlas.FSharp.Tests.ViewTests.activating a served reader row dispatches exactly its typed position [453 ms]
  Passed BibleAtlas.FSharp.Tests.ViewTests.the source view composes the complete served source under its category [408 ms]
  Passed BibleAtlas.FSharp.Tests.ContractShapeTests.every generated optional field accepts null as exactly None [9 s]
  Passed BibleAtlas.FSharp.Tests.ViewTests.the Concord view keeps a paragraph with no served edges as plain text [478 ms]
  Passed BibleAtlas.FSharp.Tests.ContractTests.both committed contents documents retain every served field under generated artifact roots [9 s]
  Passed BibleAtlas.FSharp.Tests.ContractTests.the committed text fixture retains its complete served payload under generated artifact roots [57 ms]
  Passed BibleAtlas.FSharp.Tests.ContractTests.unknown corpus discriminators and book vocabulary values stay contract failures [6 ms]
  Passed BibleAtlas.FSharp.Tests.ContractTests.a null contract record stays refused through every generated JSON whitespace envelope [24 ms]
  Passed BibleAtlas.FSharp.Tests.ViewTests.the WebAssembly entry component runs the sources command and renders its response [935 ms]
  Passed BibleAtlas.FSharp.Tests.ViewTests.an opened focus renders its entire card presentation [462 ms]
  Passed BibleAtlas.FSharp.Tests.ContractIdentityLaws.every generated identity displays its exact primitive without exposing its constructor [17 s]
  Passed BibleAtlas.FSharp.Tests.ContractShapeTests.every generated required field rejects omission and null at the one JSON door [8 s]
  Passed BibleAtlas.FSharp.Tests.ContractShapeTests.every published scalar identity has its own private constructor and preserves its wire value [329 ms]
  Passed BibleAtlas.FSharp.Tests.Domain.AdmissionSurfaceLaws.every private representation refuses direct construction while its own public door compiles [23 s]
  Passed BibleAtlas.FSharp.Tests.ContractIdentityLaws.every generated widening preserves the whole serialized identity for each accepted member [9 s]
  Passed BibleAtlas.FSharp.Tests.ContractIdentityLaws.every published identity has its own private FSharp representation and exactly the declared widenings [52 ms]
  Passed BibleAtlas.FSharp.Tests.ContractIdentityLaws.every identity round trips its entire primitive and refuses a mismatched primitive [1 s]
  Passed BibleAtlas.FSharp.Tests.ContractIdentityLaws.every generated identity refuses an external constructor and incompatible identities fail compilation [4 s]
[xUnit.net 00:00:33.90]   Finished:    BibleAtlas.FSharp.Tests
  Passed BibleAtlas.FSharp.Tests.ContractIdentityLaws.each published cursor default serializes as the exact first page for that cursor [143 ms]

Test Run Successful.
Total tests: 182
     Passed: 182
 Total time: 34.3121 Seconds
